Component: ARM Compiler 5.06 update 7 (build 960) Tool: armlink [4d3601]

==============================================================================

Section Cross References

    isr.o(i.DMA1_Channel1_IRQHandler) refers to hal_dma.o(i.DMA_GetFlagStatus) for DMA_GetFlagStatus
    isr.o(i.DMA1_Channel1_IRQHandler) refers to hal_dma.o(i.DMA_ClearFlag) for DMA_ClearFlag
    isr.o(i.DMA1_Channel2_3_IRQHandler) refers to hal_dma.o(i.DMA_GetFlagStatus) for DMA_GetFlagStatus
    isr.o(i.DMA1_Channel2_3_IRQHandler) refers to hal_dma.o(i.DMA_ClearFlag) for DMA_ClearFlag
    isr.o(i.DMA1_Channel4_5_IRQHandler) refers to hal_dma.o(i.DMA_GetFlagStatus) for DMA_GetFlagStatus
    isr.o(i.DMA1_Channel4_5_IRQHandler) refers to hal_dma.o(i.DMA_ClearFlag) for DMA_ClearFlag
    isr.o(i.DMA1_Channel4_5_IRQHandler) refers to seekfree_mt9v03x.o(i.mt9v03x_dma) for mt9v03x_dma
    isr.o(i.DMA1_Channel4_5_IRQHandler) refers to common.o(.data) for camera_type
    isr.o(i.EXTI0_1_IRQHandler) refers to hal_exti.o(i.EXTI_GetITStatus) for EXTI_GetITStatus
    isr.o(i.EXTI0_1_IRQHandler) refers to hal_exti.o(i.EXTI_ClearFlag) for EXTI_ClearFlag
    isr.o(i.EXTI2_3_IRQHandler) refers to hal_exti.o(i.EXTI_GetITStatus) for EXTI_GetITStatus
    isr.o(i.EXTI2_3_IRQHandler) refers to hal_exti.o(i.EXTI_ClearFlag) for EXTI_ClearFlag
    isr.o(i.EXTI4_15_IRQHandler) refers to hal_exti.o(i.EXTI_GetITStatus) for EXTI_GetITStatus
    isr.o(i.EXTI4_15_IRQHandler) refers to hal_exti.o(i.EXTI_ClearFlag) for EXTI_ClearFlag
    isr.o(i.EXTI4_15_IRQHandler) refers to seekfree_mt9v03x.o(i.mt9v03x_vsync) for mt9v03x_vsync
    isr.o(i.EXTI4_15_IRQHandler) refers to common.o(.data) for camera_type
    isr.o(i.TIM1_BRK_UP_TRG_COM_IRQHandler) refers to comm.o(i.comm_tick) for comm_tick
    isr.o(i.TIM2_IRQHandler) refers to comm.o(i.comm_handle) for comm_handle
    isr.o(i.UART1_IRQHandler) refers to zf_uart.o(i.uart_getchar) for uart_getchar
    isr.o(i.UART1_IRQHandler) refers to comm.o(i.comm_getByte) for comm_getByte
    isr.o(i.UART2_IRQHandler) refers to seekfree_mt9v03x.o(i.mt9v03x_uart_callback) for mt9v03x_uart_callback
    isr.o(i.UART2_IRQHandler) refers to common.o(.data) for camera_type
    main.o(i.comm_putBuf) refers to zf_uart.o(i.uart_putbuff) for uart_putbuff
    main.o(i.main) refers to board.o(i.board_init) for board_init
    main.o(i.main) refers to zf_uart.o(i.uart_rx_irq) for uart_rx_irq
    main.o(i.main) refers to zf_gpio.o(i.gpio_init) for gpio_init
    main.o(i.main) refers to comm.o(i.comm_start) for comm_start
    main.o(i.main) refers to zf_pit.o(i.tim_interrupt_init_ms) for tim_interrupt_init_ms
    main.o(i.main) refers to zf_gpio.o(i.gpio_set) for gpio_set
    main.o(i.main) refers to zf_systick.o(i.systick_delay_ms) for systick_delay_ms
    fifo.o(i.fifo_clean) refers to uread4.o(.text) for __aeabi_uread4
    fifo.o(i.fifo_clean) refers to uwrite4.o(.text) for __aeabi_uwrite4
    fifo.o(i.fifo_create) refers to malloc.o(i.malloc) for malloc
    fifo.o(i.fifo_create) refers to uwrite4.o(.text) for __aeabi_uwrite4
    fifo.o(i.fifo_delete) refers to malloc.o(i.free) for free
    fifo.o(i.fifo_getAvailable) refers to uread4.o(.text) for __aeabi_uread4
    fifo.o(i.fifo_getAvailable) refers to idiv.o(.text) for __aeabi_idivmod
    fifo.o(i.fifo_getUsed) refers to uread4.o(.text) for __aeabi_uread4
    fifo.o(i.fifo_getUsed) refers to idiv.o(.text) for __aeabi_idivmod
    fifo.o(i.fifo_popBuf) refers to fifo.o(i.fifo_getUsed) for fifo_getUsed
    fifo.o(i.fifo_popBuf) refers to uread4.o(.text) for __aeabi_uread4
    fifo.o(i.fifo_popBuf) refers to idiv.o(.text) for __aeabi_idivmod
    fifo.o(i.fifo_popBuf) refers to uwrite4.o(.text) for __aeabi_uwrite4
    fifo.o(i.fifo_popByte) refers to fifo.o(i.fifo_getUsed) for fifo_getUsed
    fifo.o(i.fifo_popByte) refers to uread4.o(.text) for __aeabi_uread4
    fifo.o(i.fifo_popByte) refers to idiv.o(.text) for __aeabi_idivmod
    fifo.o(i.fifo_popByte) refers to uwrite4.o(.text) for __aeabi_uwrite4
    fifo.o(i.fifo_pushBuf) refers to fifo.o(i.fifo_getAvailable) for fifo_getAvailable
    fifo.o(i.fifo_pushBuf) refers to uread4.o(.text) for __aeabi_uread4
    fifo.o(i.fifo_pushBuf) refers to idiv.o(.text) for __aeabi_idivmod
    fifo.o(i.fifo_pushBuf) refers to uwrite4.o(.text) for __aeabi_uwrite4
    fifo.o(i.fifo_pushByte) refers to fifo.o(i.fifo_getAvailable) for fifo_getAvailable
    fifo.o(i.fifo_pushByte) refers to uread4.o(.text) for __aeabi_uread4
    fifo.o(i.fifo_pushByte) refers to idiv.o(.text) for __aeabi_idivmod
    fifo.o(i.fifo_pushByte) refers to uwrite4.o(.text) for __aeabi_uwrite4
    fifo.o(i.fifo_query) refers to fifo.o(i.fifo_getUsed) for fifo_getUsed
    fifo.o(i.fifo_query) refers to uread4.o(.text) for __aeabi_uread4
    fifo.o(i.fifo_query) refers to uidiv.o(.text) for __aeabi_uidivmod
    list.o(i.list_append) refers to malloc.o(i.malloc) for malloc
    list.o(i.list_append) refers to memcpya.o(.text) for __aeabi_memcpy
[...]
    mallocra.o(i.__aligned_malloc$realloc) refers to mallocra.o(i.internal_alloc) for internal_alloc
    mallocra.o(i.__aligned_malloc$realloc) refers to startup_mm32spin2xx_p_keil.o(HEAP) for __heap_base
    mallocra.o(i.__aligned_malloc$realloc) refers to mvars.o(.data) for __microlib_freelist
    mallocra.o(i.__aligned_malloc$realloc) refers to mvars.o(.data) for __microlib_freelist_initialised
    mallocra.o(i.__free$realloc$memalign) refers to mvars.o(.data) for __microlib_freelist
    mallocra.o(i.__malloc$realloc$memalign) refers to mallocra.o(i.__aligned_malloc$realloc) for __aligned_malloc$realloc
    mallocra.o(i.__realloc$memalign) refers to mallocra.o(i.__free$realloc$memalign) for __free$realloc$memalign
    mallocra.o(i.__realloc$memalign) refers to mallocra.o(i.internal_alloc) for internal_alloc
    mallocra.o(i.__realloc$memalign) refers to mallocra.o(i.__malloc$realloc$memalign) for __malloc$realloc$memalign
    mallocra.o(i.__realloc$memalign) refers to mvars.o(.data) for __microlib_freelist
    mallocra.o(i.internal_alloc) refers to memcpya.o(.text) for __aeabi_memcpy
    mallocra.o(i.internal_alloc) refers to mvars.o(.data) for __microlib_freelist
    fmul.o(.text) refers (Special) to iusefp.o(.text) for __I$use$fp
    fdiv.o(.text) refers (Special) to iusefp.o(.text) for __I$use$fp
    fdiv.o(.text) refers to fepilogue.o(.text) for _float_round
    dadd.o(.text) refers (Special) to iusefp.o(.text) for __I$use$fp
    dadd.o(.text) refers to llshl.o(.text) for __aeabi_llsl
    dadd.o(.text) refers to llsshr.o(.text) for __aeabi_lasr
    dadd.o(.text) refers to depilogue.o(.text) for _double_epilogue
    dmul.o(.text) refers (Special) to iusefp.o(.text) for __I$use$fp
    dmul.o(.text) refers to depilogue.o(.text) for _double_epilogue
    ffltui.o(.text) refers (Special) to iusefp.o(.text) for __I$use$fp
    ffltui.o(.text) refers to fepilogue.o(.text) for _float_epilogue
    dflti.o(.text) refers (Special) to iusefp.o(.text) for __I$use$fp
    dflti.o(.text) refers to depilogue.o(.text) for _double_epilogue
    ffixui.o(.text) refers (Special) to iusefp.o(.text) for __I$use$fp
    dfixi.o(.text) refers (Special) to iusefp.o(.text) for __I$use$fp
    dfixi.o(.text) refers to llushr.o(.text) for __aeabi_llsr
    cdcmple.o(.text) refers (Special) to iusefp.o(.text) for __I$use$fp
    cdrcmple.o(.text) refers (Special) to iusefp.o(.text) for __I$use$fp
    entry2.o(.ARM.Collect$$$$00000001) refers to entry2.o(.ARM.Collect$$$$00002712) for __lit__00000000
    entry2.o(.ARM.Collect$$$$00002712) refers to startup_mm32spin2xx_p_keil.o(STACK) for __initial_sp
    entry2.o(__vectab_stack_and_reset_area) refers to startup_mm32spin2xx_p_keil.o(STACK) for __initial_sp
    entry2.o(__vectab_stack_and_reset_area) refers to entry.o(.ARM.Collect$$$$00000000) for __main
    entry5.o(.ARM.Collect$$$$00000004) refers to init.o(.text) for __scatterload
    entry9a.o(.ARM.Collect$$$$0000000B) refers to main.o(i.main) for main
    entry9b.o(.ARM.Collect$$$$0000000C) refers to main.o(i.main) for main
    depilogue.o(.text) refers to depilogue.o(i.__ARM_clz) for __ARM_clz
    depilogue.o(.text) refers to llshl.o(.text) for __aeabi_llsl
    depilogue.o(.text) refers to llushr.o(.text) for __aeabi_llsr
    init.o(.text) refers to entry5.o(.ARM.Collect$$$$00000004) for __main_after_scatterload


==============================================================================

Removing Unused input sections from the image.

    Removing isr.o(.rev16_text), (4 bytes).
    Removing isr.o(.revsh_text), (4 bytes).
    Removing main.o(.rev16_text), (4 bytes).
    Removing main.o(.revsh_text), (4 bytes).
    Removing main.o(.data), (3 bytes).
    Removing fifo.o(i.fifo_popByte), (80 bytes).
    Removing fifo.o(i.fifo_pushBuf), (92 bytes).
    Removing fifo.o(i.fifo_query), (68 bytes).
    Removing list.o(i.list_insert), (180 bytes).
    Removing list.o(i.list_remove), (150 bytes).
    Removing list.o(i.list_revise), (70 bytes).
    Removing comm.o(i.comm_getBuf), (64 bytes).
    Removing comm.o(i.comm_putBuf), (6 bytes).
    Removing comm.o(i.comm_register), (136 bytes).
    Removing comm.o(i.comm_send), (252 bytes).
    Removing board.o(.rev16_text), (4 bytes).
    Removing board.o(.revsh_text), (4 bytes).
    Removing common.o(.rev16_text), (4 bytes).
    Removing common.o(.revsh_text), (4 bytes).
    Removing common.o(i.BusFault_Handler), (4 bytes).
    Removing common.o(i.DebugMon_Handler), (4 bytes).
    Removing common.o(i.MemManage_Handler), (4 bytes).
    Removing common.o(i.UsageFault_Handler), (4 bytes).
    Removing common.o(i.nvic_interrput_disable), (4 bytes).
    Removing common.o(i.nvic_interrput_enable), (4 bytes).
    Removing seekfree_printf.o(.rev16_text), (4 bytes).
    Removing seekfree_printf.o(.revsh_text), (4 bytes).
    Removing seekfree_printf.o(i.number_conversion_ascii), (148 bytes).
    Removing seekfree_printf.o(i.printf_reverse_order), (34 bytes).
    Removing seekfree_printf.o(i.zf_sprintf), (708 bytes).
    Removing system_mm32spin2xx_p.o(.rev16_text), (4 bytes).
    Removing system_mm32spin2xx_p.o(.revsh_text), (4 bytes).
    Removing zf_adc.o(.rev16_text), (4 bytes).
    Removing zf_adc.o(.revsh_text), (4 bytes).
    Removing zf_adc.o(i.adc_convert), (108 bytes).
    Removing zf_adc.o(i.adc_init), (168 bytes).
    Removing zf_adc.o(i.adc_mean_filter), (42 bytes).
    Removing zf_adc.o(i.adc_pin_init), (26 bytes).
    Removing zf_adc.o(.data), (10 bytes).
    Removing zf_camera.o(.rev16_text), (4 bytes).
    Removing zf_camera.o(.revsh_text), (4 bytes).
    Removing zf_camera.o(i.camera_dma_init), (106 bytes).
    Removing zf_camera.o(i.camera_tim_etr_init), (256 bytes).
    Removing zf_exti.o(.rev16_text), (4 bytes).
    Removing zf_exti.o(.revsh_text), (4 bytes).
    Removing zf_exti.o(i.exti_even_disable), (24 bytes).
    Removing zf_exti.o(i.exti_even_enable), (24 bytes).
    Removing zf_exti.o(i.exti_even_init), (62 bytes).
    Removing zf_exti.o(i.exti_interrupt_disable), (24 bytes).
    Removing zf_exti.o(i.exti_interrupt_enable), (24 bytes).
    Removing zf_exti.o(i.exti_interrupt_init), (136 bytes).
    Removing zf_flash.o(.rev16_text), (4 bytes).
    Removing zf_flash.o(.revsh_text), (4 bytes).
    Removing zf_flash.o(i.flash_check), (50 bytes).
    Removing zf_flash.o(i.flash_erase_page), (68 bytes).
    Removing zf_flash.o(i.flash_page_program), (104 bytes).
    Removing zf_flash.o(i.flash_page_read), (36 bytes).
    Removing zf_flash.o(.data), (2 bytes).
    Removing zf_gpio.o(.rev16_text), (4 bytes).
    Removing zf_gpio.o(.revsh_text), (4 bytes).
    Removing zf_gpio.o(i.gpio_dir), (116 bytes).
    Removing zf_gpio.o(i.gpio_get), (44 bytes).
    Removing zf_gpio.o(i.gpio_toggle), (112 bytes).
    Removing zf_pit.o(.rev16_text), (4 bytes).
    Removing zf_pit.o(.revsh_text), (4 bytes).
    Removing zf_pit.o(i.tim_interrupt_disable), (32 bytes).
    Removing zf_pit.o(i.tim_interrupt_enable), (32 bytes).
    Removing zf_pit.o(i.tim_interrupt_init), (228 bytes).
    Removing zf_pit.o(i.tim_interrupt_init_us), (216 bytes).
    Removing zf_pwm.o(.rev16_text), (4 bytes).
    Removing zf_pwm.o(.revsh_text), (4 bytes).
    Removing zf_pwm.o(i.pwm_disable), (64 bytes).
    Removing zf_pwm.o(i.pwm_duty_updata), (168 bytes).
    Removing zf_pwm.o(i.pwm_enable), (52 bytes).
    Removing zf_pwm.o(i.pwm_init), (632 bytes).
    Removing zf_pwm.o(i.pwm_pin_init), (24 bytes).
    Removing zf_pwm.o(.bss), (28 bytes).
    Removing zf_spi.o(.rev16_text), (4 bytes).
    Removing zf_spi.o(.revsh_text), (4 bytes).
    Removing zf_spi.o(i.spi_init), (404 bytes).
    Removing zf_spi.o(i.spi_mosi), (100 bytes).
    Removing zf_spi.o(i.spi_pin_init), (100 bytes).
    Removing zf_spi.o(.data), (8 bytes).
    Removing zf_systick.o(.rev16_text), (4 bytes).
    Removing zf_systick.o(.revsh_text), (4 bytes).
    Removing zf_systick.o(i.__NVIC_SetPriority), (120 bytes).
    Removing zf_systick.o(i.systick_getval), (20 bytes).
    Removing zf_systick.o(i.systick_start), (24 bytes).
    Removing zf_systick.o(i.systick_timing), (40 bytes).
    Removing zf_tim.o(.rev16_text), (4 bytes).
    Removing zf_tim.o(.revsh_text), (4 bytes).
    Removing zf_tim.o(i.tim_counter_get_count), (20 bytes).
    Removing zf_tim.o(i.tim_counter_init), (328 bytes).
    Removing zf_tim.o(i.tim_counter_pin_init), (24 bytes).
    Removing zf_tim.o(i.tim_counter_rst), (20 bytes).
    Removing zf_tim.o(i.tim_encoder_get_count), (20 bytes).
    Removing zf_tim.o(i.tim_encoder_init), (236 bytes).
    Removing zf_tim.o(i.tim_encoder_pin_init), (24 bytes).
    Removing zf_tim.o(i.tim_encoder_rst), (20 bytes).
    Removing zf_uart.o(.rev16_text), (4 bytes).
    Removing zf_uart.o(.revsh_text), (4 bytes).
    Removing zf_uart.o(i.fputc), (28 bytes).
    Removing zf_uart.o(i.uart_putchar), (32 bytes).
    Removing zf_uart.o(i.uart_putstr), (26 bytes).
    Removing zf_uart.o(i.uart_query), (40 bytes).
    Removing zf_uart.o(i.uart_tx_irq), (76 bytes).
    Removing seekfree_font.o(.rev16_text), (4 bytes).
    Removing seekfree_font.o(.revsh_text), (4 bytes).
    Removing seekfree_font.o(.constdata), (7048 bytes).
    Removing seekfree_iic.o(.rev16_text), (4 bytes).
    Removing seekfree_iic.o(.revsh_text), (4 bytes).
    Removing seekfree_iic.o(i.read_ch), (176 bytes).
    Removing seekfree_iic.o(i.sccb_waitack), (136 bytes).
    Removing seekfree_iic.o(i.send_ch), (116 bytes).
    Removing seekfree_iic.o(i.simiic_delay), (24 bytes).
    Removing seekfree_iic.o(i.simiic_init), (28 bytes).
    Removing seekfree_iic.o(i.simiic_read_reg), (64 bytes).
    Removing seekfree_iic.o(i.simiic_read_regs), (84 bytes).
    Removing seekfree_iic.o(i.simiic_sendack), (108 bytes).
    Removing seekfree_iic.o(i.simiic_start), (80 bytes).
    Removing seekfree_iic.o(i.simiic_stop), (84 bytes).
    Removing seekfree_iic.o(i.simiic_write_reg), (38 bytes).
    Removing seekfree_iic.o(.data), (12 bytes).
    Removing seekfree_mt9v03x.o(.rev16_text), (4 bytes).
    Removing seekfree_mt9v03x.o(.revsh_text), (4 bytes).
    Removing seekfree_mt9v03x.o(i.get_config), (100 bytes).
    Removing seekfree_mt9v03x.o(i.get_version), (72 bytes).
    Removing seekfree_mt9v03x.o(i.mt9v03x_dma_init), (80 bytes).
    Removing seekfree_mt9v03x.o(i.mt9v03x_exti_init), (36 bytes).
    Removing seekfree_mt9v03x.o(i.mt9v03x_init), (128 bytes).
    Removing seekfree_mt9v03x.o(i.mt9v03x_tim1_etr_init), (16 bytes).
    Removing seekfree_mt9v03x.o(i.seekfree_sendimg_03x), (58 bytes).
    Removing seekfree_mt9v03x.o(i.set_config), (116 bytes).
    Removing seekfree_mt9v03x.o(i.set_exposure_time), (76 bytes).
    Removing seekfree_mt9v03x.o(i.set_mt9v03x_reg), (112 bytes).
    Removing seekfree_mt9v03x.o(.bss), (9400 bytes).
    Removing seekfree_oled.o(.rev16_text), (4 bytes).
    Removing seekfree_oled.o(.revsh_text), (4 bytes).
    Removing seekfree_oled.o(i.oled_clrpixel), (54 bytes).
    Removing seekfree_oled.o(i.oled_dis_bmp), (536 bytes).
    Removing seekfree_oled.o(i.oled_fill), (58 bytes).
    Removing seekfree_oled.o(i.oled_hexascii), (52 bytes).
    Removing seekfree_oled.o(i.oled_init), (312 bytes).
    Removing seekfree_oled.o(i.oled_int16), (72 bytes).
    Removing seekfree_oled.o(i.oled_p6x8str), (100 bytes).
    Removing seekfree_oled.o(i.oled_p8x16str), (140 bytes).
    Removing seekfree_oled.o(i.oled_print_chinese), (94 bytes).
    Removing seekfree_oled.o(i.oled_printf_float), (192 bytes).
    Removing seekfree_oled.o(i.oled_printf_int32), (104 bytes).
    Removing seekfree_oled.o(i.oled_putpixel), (56 bytes).
    Removing seekfree_oled.o(i.oled_set_pos), (40 bytes).
    Removing seekfree_oled.o(i.oled_uint16), (30 bytes).
    Removing seekfree_oled.o(i.oled_wrcmd), (172 bytes).
    Removing seekfree_oled.o(i.oled_wrdat), (172 bytes).
    Removing hal_adc.o(.rev16_text), (4 bytes).
    Removing hal_adc.o(.revsh_text), (4 bytes).
    Removing hal_adc.o(i.ADC_AnalogWatchdogCmd), (24 bytes).
    Removing hal_adc.o(i.ADC_AnalogWatchdogSingleChannelConfig), (20 bytes).
    Removing hal_adc.o(i.ADC_AnalogWatchdogThresholdsConfig), (12 bytes).
    Removing hal_adc.o(i.ADC_ClearFlag), (24 bytes).
    Removing hal_adc.o(i.ADC_ClearITPendingBit), (24 bytes).
    Removing hal_adc.o(i.ADC_Cmd), (24 bytes).
    Removing hal_adc.o(i.ADC_DMACmd), (24 bytes).
    Removing hal_adc.o(i.ADC_DeInit), (32 bytes).
    Removing hal_adc.o(i.ADC_ExternalTrigConvCmd), (24 bytes).
    Removing hal_adc.o(i.ADC_ExternalTrigInjectedConvCmd), (24 bytes).
    Removing hal_adc.o(i.ADC_ExternalTrigInjectedConvConfig), (20 bytes).
    Removing hal_adc.o(i.ADC_GetConversionValue), (6 bytes).
    Removing hal_adc.o(i.ADC_GetDualModeConversionValue), (12 bytes).
    Removing hal_adc.o(i.ADC_GetFlagStatus), (22 bytes).
    Removing hal_adc.o(i.ADC_GetITStatus), (22 bytes).
    Removing hal_adc.o(i.ADC_GetSoftwareStartConvStatus), (14 bytes).
    Removing hal_adc.o(i.ADC_ITConfig), (54 bytes).
    Removing hal_adc.o(i.ADC_Init), (56 bytes).
    Removing hal_adc.o(i.ADC_RegularChannelConfig), (86 bytes).
    Removing hal_adc.o(i.ADC_SoftwareStartConvCmd), (28 bytes).
    Removing hal_adc.o(i.ADC_StructInit), (16 bytes).
    Removing hal_adc.o(i.ADC_TempSensorCmd), (12 bytes).
    Removing hal_adc.o(i.ADC_TempSensorVrefintCmd), (36 bytes).
    Removing hal_adc.o(i.ADC_VrefintCmd), (12 bytes).
    Removing hal_adc.o(i.exADC_TempSensorVrefintCmd), (88 bytes).
    Removing hal_bkp.o(.rev16_text), (4 bytes).
    Removing hal_bkp.o(.revsh_text), (4 bytes).
    Removing hal_bkp.o(i.BKP_ReadBackupRegister), (16 bytes).
    Removing hal_bkp.o(i.BKP_WriteBackupRegister), (12 bytes).
    Removing hal_bkp.o(i.exBKP_ImmRead), (44 bytes).
    Removing hal_bkp.o(i.exBKP_ImmWrite), (44 bytes).
    Removing hal_bkp.o(i.exBKP_Init), (32 bytes).
    Removing hal_comp.o(.rev16_text), (4 bytes).
    Removing hal_comp.o(.revsh_text), (4 bytes).
    Removing hal_comp.o(i.COMP_Cmd), (44 bytes).
    Removing hal_comp.o(i.COMP_DeInit), (16 bytes).
    Removing hal_comp.o(i.COMP_GetOutputLevel), (32 bytes).
    Removing hal_comp.o(i.COMP_Init), (44 bytes).
    Removing hal_comp.o(i.COMP_LockConfig), (24 bytes).
    Removing hal_comp.o(i.COMP_SetCrv), (36 bytes).
    Removing hal_comp.o(i.COMP_StructInit), (28 bytes).
    Removing hal_comp.o(i.COMP_SwitchCmd), (44 bytes).
    Removing hal_comp.o(i.exCOMP_CrvCmd), (36 bytes).
    Removing hal_comp.o(i.exCOMP_CrvSrc), (16 bytes).
    Removing hal_comp.o(i.exCOMP_SwitchCrv), (16 bytes).
    Removing hal_crc.o(.rev16_text), (4 bytes).
    Removing hal_crc.o(.revsh_text), (4 bytes).
    Removing hal_crc.o(i.CRC_CalcBlockCRC), (36 bytes).
    Removing hal_crc.o(i.CRC_CalcCRC), (20 bytes).
    Removing hal_crc.o(i.CRC_GetCRC), (12 bytes).
    Removing hal_crc.o(i.CRC_GetIDRegister), (12 bytes).
    Removing hal_crc.o(i.CRC_ResetDR), (12 bytes).
    Removing hal_crc.o(i.CRC_SetIDRegister), (12 bytes).
    Removing hal_dbg.o(.rev16_text), (4 bytes).
    Removing hal_dbg.o(.revsh_text), (4 bytes).
    Removing hal_dbg.o(i.DBGMCU_Configure), (32 bytes).
    Removing hal_div.o(.rev16_text), (4 bytes).
    Removing hal_div.o(.revsh_text), (4 bytes).
    Removing hal_div.o(i.Divider_Calc), (16 bytes).
    Removing hal_div.o(i.HWDivider_Calc), (36 bytes).
    Removing hal_div.o(i.HWDivider_Init), (24 bytes).
    Removing hal_dma.o(.rev16_text), (4 bytes).
    Removing hal_dma.o(.revsh_text), (4 bytes).
    Removing hal_dma.o(i.DMA_ClearITPendingBit), (12 bytes).
    Removing hal_dma.o(i.DMA_Cmd), (12 bytes).
    Removing hal_dma.o(i.DMA_DeInit), (56 bytes).
    Removing hal_dma.o(i.DMA_GetCurrDataCounter), (8 bytes).
    Removing hal_dma.o(i.DMA_GetITStatus), (24 bytes).
    Removing hal_dma.o(i.DMA_ITConfig), (20 bytes).
    Removing hal_dma.o(i.DMA_Init), (76 bytes).
    Removing hal_dma.o(i.DMA_StructInit), (28 bytes).
    Removing hal_dma.o(i.exDMA_ClearITPendingBit), (44 bytes).
    Removing hal_dma.o(i.exDMA_SetMemoryAddress), (4 bytes).
    Removing hal_dma.o(i.exDMA_SetPeripheralAddress), (4 bytes).
    Removing hal_dma.o(i.exDMA_SetTransmitLen), (4 bytes).
    Removing hal_exti.o(.rev16_text), (4 bytes).
    Removing hal_exti.o(.revsh_text), (4 bytes).
    Removing hal_exti.o(i.EXTI_ClearITPendingBit), (12 bytes).
    Removing hal_exti.o(i.EXTI_DeInit), (64 bytes).
    Removing hal_exti.o(i.EXTI_GenerateSWInterrupt), (16 bytes).
    Removing hal_exti.o(i.EXTI_GetFlagStatus), (24 bytes).
    Removing hal_exti.o(i.EXTI_Init), (192 bytes).
    Removing hal_exti.o(i.EXTI_LineConfig), (60 bytes).
    Removing hal_exti.o(i.EXTI_MemoryRemapConfig), (20 bytes).
    Removing hal_exti.o(i.EXTI_StructInit), (16 bytes).
    Removing hal_exti.o(i.exEXTI_GetAllFlagStatus), (12 bytes).
    Removing hal_exti.o(i.exEXTI_LineDisable), (40 bytes).
    Removing hal_flash.o(.rev16_text), (4 bytes).
    Removing hal_flash.o(.revsh_text), (4 bytes).
    Removing hal_flash.o(i.FLASH_ClearFlag), (12 bytes).
    Removing hal_flash.o(i.FLASH_EnableWriteProtection), (56 bytes).
    Removing hal_flash.o(i.FLASH_EraseAllPages), (40 bytes).
    Removing hal_flash.o(i.FLASH_EraseOptionBytes), (44 bytes).
    Removing hal_flash.o(i.FLASH_ErasePage), (48 bytes).
    Removing hal_flash.o(i.FLASH_EraseProtect), (44 bytes).
    Removing hal_flash.o(i.FLASH_GetFlagStatus), (36 bytes).
    Removing hal_flash.o(i.FLASH_GetPrefetchBufferStatus), (16 bytes).
    Removing hal_flash.o(i.FLASH_GetStatus), (56 bytes).
    Removing hal_flash.o(i.FLASH_GetUserOptionByte), (12 bytes).
    Removing hal_flash.o(i.FLASH_GetWriteProtectionOptionByte), (12 bytes).
    Removing hal_flash.o(i.FLASH_HalfCycleAccessCmd), (28 bytes).
    Removing hal_flash.o(i.FLASH_ITConfig), (32 bytes).
    Removing hal_flash.o(i.FLASH_Lock), (20 bytes).
    Removing hal_flash.o(i.FLASH_OPTB_Enable), (24 bytes).
    Removing hal_flash.o(i.FLASH_PrefetchBufferCmd), (28 bytes).
    Removing hal_flash.o(i.FLASH_ProgramHalfWord), (32 bytes).
    Removing hal_flash.o(i.FLASH_ProgramOptionByteData), (72 bytes).
    Removing hal_flash.o(i.FLASH_ProgramOptionHalfWord), (40 bytes).
    Removing hal_flash.o(i.FLASH_ProgramProtect), (16 bytes).
    Removing hal_flash.o(i.FLASH_ProgramWord), (34 bytes).
    Removing hal_flash.o(i.FLASH_SetLatency), (20 bytes).
    Removing hal_flash.o(i.FLASH_Unlock), (24 bytes).
    Removing hal_flash.o(i.FLASH_UserOptionByteConfig), (72 bytes).
    Removing hal_flash.o(i.FLASH_WaitForLastOperation), (60 bytes).
    Removing hal_flash.o(i.exFLASH_EraseEE), (20 bytes).
    Removing hal_flash.o(i.exFLASH_FindEmpty), (44 bytes).
    Removing hal_flash.o(i.exFLASH_Locate), (70 bytes).
    Removing hal_flash.o(i.exFLASH_ProgramEE), (48 bytes).
    Removing hal_flash.o(i.exFLASH_ReadEE), (36 bytes).
    Removing hal_flash.o(i.exFLASH_WriteEE), (132 bytes).
    Removing hal_gpio.o(.rev16_text), (4 bytes).
    Removing hal_gpio.o(.revsh_text), (4 bytes).
    Removing hal_gpio.o(i.GPIO_AFIODeInit), (52 bytes).
    Removing hal_gpio.o(i.GPIO_DeInit), (86 bytes).
    Removing hal_gpio.o(i.GPIO_Init), (154 bytes).
    Removing hal_gpio.o(i.GPIO_PinAFConfig), (40 bytes).
    Removing hal_gpio.o(i.GPIO_PinLock), (20 bytes).
    Removing hal_gpio.o(i.GPIO_PinLockConfig), (24 bytes).
    Removing hal_gpio.o(i.GPIO_ReadInputData), (8 bytes).
    Removing hal_gpio.o(i.GPIO_ReadInputDataBit), (18 bytes).
    Removing hal_gpio.o(i.GPIO_ReadOutputData), (8 bytes).
    Removing hal_gpio.o(i.GPIO_ReadOutputDataBit), (18 bytes).
    Removing hal_gpio.o(i.GPIO_ResetBits), (4 bytes).
    Removing hal_gpio.o(i.GPIO_SetBits), (4 bytes).
    Removing hal_gpio.o(i.GPIO_StructInit), (16 bytes).
    Removing hal_gpio.o(i.GPIO_Write), (4 bytes).
    Removing hal_gpio.o(i.GPIO_WriteBit), (12 bytes).
    Removing hal_gpio.o(i.exGPIO_PinAFConfig), (74 bytes).
    Removing hal_i2c.o(.rev16_text), (4 bytes).
    Removing hal_i2c.o(.revsh_text), (4 bytes).
    Removing hal_i2c.o(i.I2C_CheckEvent), (44 bytes).
    Removing hal_i2c.o(i.I2C_ClearFlag), (146 bytes).
    Removing hal_i2c.o(i.I2C_ClearITPendingBit), (146 bytes).
    Removing hal_i2c.o(i.I2C_Cmd), (32 bytes).
    Removing hal_i2c.o(i.I2C_DMACmd), (60 bytes).
    Removing hal_i2c.o(i.I2C_DMAConfigure), (10 bytes).
    Removing hal_i2c.o(i.I2C_DeInit), (32 bytes).
    Removing hal_i2c.o(i.I2C_DualAddressCmd), (32 bytes).
    Removing hal_i2c.o(i.I2C_GeneralCallCmd), (28 bytes).
    Removing hal_i2c.o(i.I2C_GenerateSTART), (24 bytes).
    Removing hal_i2c.o(i.I2C_GenerateSTOP), (56 bytes).
    Removing hal_i2c.o(i.I2C_GetFlagStatus), (72 bytes).
    Removing hal_i2c.o(i.I2C_GetITStatus), (18 bytes).
    Removing hal_i2c.o(i.I2C_GetLastEvent), (16 bytes).
    Removing hal_i2c.o(i.I2C_ITConfig), (36 bytes).
    Removing hal_i2c.o(i.I2C_Init), (208 bytes).
    Removing hal_i2c.o(i.I2C_OwnAddress2Config), (14 bytes).
    Removing hal_i2c.o(i.I2C_ReadCmd), (8 bytes).
    Removing hal_i2c.o(i.I2C_ReadRegister), (6 bytes).
    Removing hal_i2c.o(i.I2C_ReceiveData), (20 bytes).
    Removing hal_i2c.o(i.I2C_Send7bitAddress), (6 bytes).
    Removing hal_i2c.o(i.I2C_SendData), (4 bytes).
    Removing hal_i2c.o(i.I2C_SendSlaveAddress), (6 bytes).
    Removing hal_i2c.o(i.I2C_SlaveConfigure), (24 bytes).
    Removing hal_i2c.o(i.I2C_StructInit), (24 bytes).
    Removing hal_i2c.o(.data), (4 bytes).
    Removing hal_iwdg.o(.rev16_text), (4 bytes).
    Removing hal_iwdg.o(.revsh_text), (4 bytes).
    Removing hal_iwdg.o(i.IWDG_ClearIT), (20 bytes).
    Removing hal_iwdg.o(i.IWDG_ClearITPendingBit), (20 bytes).
    Removing hal_iwdg.o(i.IWDG_Enable), (16 bytes).
    Removing hal_iwdg.o(i.IWDG_EnableIT), (20 bytes).
    Removing hal_iwdg.o(i.IWDG_GetFlagStatus), (24 bytes).
    Removing hal_iwdg.o(i.IWDG_GetReload), (12 bytes).
    Removing hal_iwdg.o(i.IWDG_OverflowConfig), (28 bytes).
    Removing hal_iwdg.o(i.IWDG_ReloadCounter), (16 bytes).
    Removing hal_iwdg.o(i.IWDG_Reset), (20 bytes).
    Removing hal_iwdg.o(i.IWDG_SetPrescaler), (20 bytes).
    Removing hal_iwdg.o(i.IWDG_SetReload), (20 bytes).
    Removing hal_iwdg.o(i.IWDG_WriteAccessCmd), (12 bytes).
    Removing hal_iwdg.o(i.PVU_CheckStatus), (16 bytes).
    Removing hal_iwdg.o(i.RVU_CheckStatus), (16 bytes).
    Removing hal_misc.o(.rev16_text), (4 bytes).
    Removing hal_misc.o(.revsh_text), (4 bytes).
    Removing hal_misc.o(i.NVIC_SystemLPConfig), (32 bytes).
    Removing hal_misc.o(i.SysTick_CLKSourceConfig), (36 bytes).
    Removing hal_misc.o(i.exNVIC_Init), (104 bytes).
    Removing hal_opamp.o(.rev16_text), (4 bytes).
    Removing hal_opamp.o(.revsh_text), (4 bytes).
    Removing hal_opamp.o(i.OPAMP_Configure), (32 bytes).
    Removing hal_pwr.o(.rev16_text), (4 bytes).
    Removing hal_pwr.o(.revsh_text), (4 bytes).
    Removing hal_pwr.o(i.PWR_BackupAccessCmd), (40 bytes).
    Removing hal_pwr.o(i.PWR_ClearFlag), (20 bytes).
    Removing hal_pwr.o(i.PWR_DeInit), (12 bytes).
    Removing hal_pwr.o(i.PWR_EnterSTANDBYMode), (40 bytes).
    Removing hal_pwr.o(i.PWR_EnterSTOPMode), (44 bytes).
    Removing hal_pwr.o(i.PWR_GetFlagStatus), (16 bytes).
    Removing hal_pwr.o(i.PWR_PVDCmd), (36 bytes).
    Removing hal_pwr.o(i.PWR_PVDLevelConfig), (24 bytes).
    Removing hal_pwr.o(i.PWR_WakeUpPinCmd), (40 bytes).
    Removing hal_pwr.o(i.exPWR_EnterLowPowerMode), (52 bytes).
    Removing hal_rcc.o(.rev16_text), (4 bytes).
    Removing hal_rcc.o(.revsh_text), (4 bytes).
    Removing hal_rcc.o(i.RCC_ADCCLKConfig), (24 bytes).
    Removing hal_rcc.o(i.RCC_AHBPeriphClockCmd), (32 bytes).
    Removing hal_rcc.o(i.RCC_AHBPeriphResetCmd), (32 bytes).
    Removing hal_rcc.o(i.RCC_APB1PeriphClockCmd), (32 bytes).
    Removing hal_rcc.o(i.RCC_APB1PeriphResetCmd), (32 bytes).
    Removing hal_rcc.o(i.RCC_APB2PeriphClockCmd), (32 bytes).
    Removing hal_rcc.o(i.RCC_APB2PeriphResetCmd), (32 bytes).
    Removing hal_rcc.o(i.RCC_ClearFlag), (20 bytes).
    Removing hal_rcc.o(i.RCC_ClearITPendingBit), (20 bytes).
    Removing hal_rcc.o(i.RCC_ClockSecuritySystemCmd), (24 bytes).
    Removing hal_rcc.o(i.RCC_DeInit), (64 bytes).
    Removing hal_rcc.o(i.RCC_GetClocksFreq), (72 bytes).
    Removing hal_rcc.o(i.RCC_GetFlagStatus), (56 bytes).
    Removing hal_rcc.o(i.RCC_GetHCLKFreq), (32 bytes).
    Removing hal_rcc.o(i.RCC_GetITStatus), (16 bytes).
    Removing hal_rcc.o(i.RCC_GetPCLK1Freq), (36 bytes).
    Removing hal_rcc.o(i.RCC_GetPCLK2Freq), (36 bytes).
    Removing hal_rcc.o(i.RCC_GetSYSCLKSource), (16 bytes).
    Removing hal_rcc.o(i.RCC_GetSysClockFreq), (136 bytes).
    Removing hal_rcc.o(i.RCC_HCLKConfig), (20 bytes).
    Removing hal_rcc.o(i.RCC_HSEConfig), (88 bytes).
    Removing hal_rcc.o(i.RCC_HSICmd), (20 bytes).
    Removing hal_rcc.o(i.RCC_ITConfig), (36 bytes).
    Removing hal_rcc.o(i.RCC_LSICmd), (20 bytes).
    Removing hal_rcc.o(i.RCC_MCOConfig), (24 bytes).
    Removing hal_rcc.o(i.RCC_PCLK1Config), (24 bytes).
    Removing hal_rcc.o(i.RCC_PCLK2Config), (24 bytes).
    Removing hal_rcc.o(i.RCC_PLLCmd), (24 bytes).
    Removing hal_rcc.o(i.RCC_PLLConfig), (92 bytes).
    Removing hal_rcc.o(i.RCC_PLLDMDNConfig), (32 bytes).
    Removing hal_rcc.o(i.RCC_SYSCLKConfig), (20 bytes).
    Removing hal_rcc.o(i.RCC_WaitForFlagStartUp), (38 bytes).
    Removing hal_rcc.o(i.RCC_WaitForHSEStartUp), (46 bytes).
    Removing hal_rcc.o(i.__NVIC_SetPriority), (120 bytes).
    Removing hal_rcc.o(i.exRCC_APB1PeriphReset), (24 bytes).
    Removing hal_rcc.o(i.exRCC_APB2PeriphReset), (24 bytes).
    Removing hal_rcc.o(i.exRCC_BackupReset), (2 bytes).
    Removing hal_rcc.o(i.exRCC_SystickDisable), (20 bytes).
    Removing hal_rcc.o(i.exRCC_SystickEnable), (72 bytes).
    Removing hal_rcc.o(.data), (16 bytes).
    Removing hal_spi.o(.rev16_text), (4 bytes).
    Removing hal_spi.o(.revsh_text), (4 bytes).
    Removing hal_spi.o(i.SPI_BiDirectionalLineConfig), (64 bytes).
    Removing hal_spi.o(i.SPI_CSInternalSelected), (24 bytes).
    Removing hal_spi.o(i.SPI_ClearITPendingBit), (8 bytes).
    Removing hal_spi.o(i.SPI_Cmd), (24 bytes).
    Removing hal_spi.o(i.SPI_DMACmd), (28 bytes).
    Removing hal_spi.o(i.SPI_DataSizeConfig), (20 bytes).
    Removing hal_spi.o(i.SPI_DataSizeTypeConfig), (18 bytes).
    Removing hal_spi.o(i.SPI_DeInit), (72 bytes).
    Removing hal_spi.o(i.SPI_FifoTrigger), (20 bytes).
    Removing hal_spi.o(i.SPI_GetFlagStatus), (18 bytes).
    Removing hal_spi.o(i.SPI_GetITStatus), (18 bytes).
    Removing hal_spi.o(i.SPI_ITConfig), (38 bytes).
    Removing hal_spi.o(i.SPI_Init), (140 bytes).
    Removing hal_spi.o(i.SPI_NSSInternalSoftwareConfig), (28 bytes).
    Removing hal_spi.o(i.SPI_ReceiveData), (50 bytes).
    Removing hal_spi.o(i.SPI_RxBytes), (4 bytes).
    Removing hal_spi.o(i.SPI_SendData), (42 bytes).
    Removing hal_spi.o(i.SPI_SlaveAdjust), (24 bytes).
    Removing hal_spi.o(i.SPI_StructInit), (32 bytes).
    Removing hal_spi.o(i.exSPI_CSInternalSelected), (24 bytes).
    Removing hal_spi.o(i.exSPI_DMACmd), (28 bytes).
    Removing hal_spi.o(i.exSPI_DataEdgeAdjust), (58 bytes).
    Removing hal_spi.o(i.exSPI_ITCmd), (24 bytes).
    Removing hal_spi.o(i.exSPI_ITConfig), (20 bytes).
    Removing hal_sqrt.o(.rev16_text), (4 bytes).
    Removing hal_sqrt.o(.revsh_text), (4 bytes).
    Removing hal_sqrt.o(i.HWRoot_Get), (12 bytes).
    Removing hal_sqrt.o(i.HWRoot_Set), (12 bytes).
    Removing hal_tim.o(.rev16_text), (4 bytes).
    Removing hal_tim.o(.revsh_text), (4 bytes).
    Removing hal_tim.o(i.TI1_Configure), (32 bytes).
    Removing hal_tim.o(i.TI2_Configure), (38 bytes).
    Removing hal_tim.o(i.TI3_Configure), (38 bytes).
    Removing hal_tim.o(i.TI4_Configure), (42 bytes).
    Removing hal_tim.o(i.TIM_ARRPreloadConfig), (24 bytes).
    Removing hal_tim.o(i.TIM_BDTRConfig), (30 bytes).
    Removing hal_tim.o(i.TIM_BDTRStructInit), (18 bytes).
    Removing hal_tim.o(i.TIM_CCPreloadControl), (24 bytes).
    Removing hal_tim.o(i.TIM_CCxCmd), (20 bytes).
    Removing hal_tim.o(i.TIM_CCxNCmd), (24 bytes).
    Removing hal_tim.o(i.TIM_ClearFlag), (8 bytes).
    Removing hal_tim.o(i.TIM_ClearITPendingBit), (8 bytes).
    Removing hal_tim.o(i.TIM_ClearOC1Ref), (12 bytes).
    Removing hal_tim.o(i.TIM_ClearOC2Ref), (16 bytes).
    Removing hal_tim.o(i.TIM_ClearOC3Ref), (12 bytes).
    Removing hal_tim.o(i.TIM_ClearOC4Ref), (16 bytes).
    Removing hal_tim.o(i.TIM_Cmd), (24 bytes).
    Removing hal_tim.o(i.TIM_CounterModeConfig), (12 bytes).
    Removing hal_tim.o(i.TIM_CtrlPWMOutputs), (28 bytes).
    Removing hal_tim.o(i.TIM_DMACmd), (20 bytes).
    Removing hal_tim.o(i.TIM_DMAConfig), (8 bytes).
    Removing hal_tim.o(i.TIM_DeInit), (144 bytes).
    Removing hal_tim.o(i.TIM_ETRClockMode1Config), (34 bytes).
    Removing hal_tim.o(i.TIM_ETRClockMode2Config), (34 bytes).
    Removing hal_tim.o(i.TIM_ETRConfig), (50 bytes).
    Removing hal_tim.o(i.TIM_EncoderInterfaceConfig), (44 bytes).
    Removing hal_tim.o(i.TIM_ForcedOC1Config), (12 bytes).
    Removing hal_tim.o(i.TIM_ForcedOC2Config), (16 bytes).
    Removing hal_tim.o(i.TIM_ForcedOC3Config), (12 bytes).
    Removing hal_tim.o(i.TIM_ForcedOC4Config), (16 bytes).
    Removing hal_tim.o(i.TIM_GenerateEvent), (4 bytes).
    Removing hal_tim.o(i.TIM_GetCapture1), (6 bytes).
    Removing hal_tim.o(i.TIM_GetCapture2), (6 bytes).
    Removing hal_tim.o(i.TIM_GetCapture3), (6 bytes).
    Removing hal_tim.o(i.TIM_GetCapture4), (6 bytes).
    Removing hal_tim.o(i.TIM_GetCounter), (6 bytes).
    Removing hal_tim.o(i.TIM_GetFlagStatus), (18 bytes).
    Removing hal_tim.o(i.TIM_GetITStatus), (26 bytes).
    Removing hal_tim.o(i.TIM_GetPrescaler), (8 bytes).
    Removing hal_tim.o(i.TIM_ICInit), (120 bytes).
    Removing hal_tim.o(i.TIM_ICStructInit), (18 bytes).
    Removing hal_tim.o(i.TIM_ITConfig), (20 bytes).
    Removing hal_tim.o(i.TIM_ITRxExternalClockConfig), (24 bytes).
    Removing hal_tim.o(i.TIM_InternalClockConfig), (10 bytes).
    Removing hal_tim.o(i.TIM_OC1FastConfig), (12 bytes).
    Removing hal_tim.o(i.TIM_OC1Init), (108 bytes).
    Removing hal_tim.o(i.TIM_OC1NPolarityConfig), (12 bytes).
    Removing hal_tim.o(i.TIM_OC1PolarityConfig), (12 bytes).
    Removing hal_tim.o(i.TIM_OC1PreloadConfig), (12 bytes).
    Removing hal_tim.o(i.TIM_OC2FastConfig), (16 bytes).
    Removing hal_tim.o(i.TIM_OC2Init), (104 bytes).
    Removing hal_tim.o(i.TIM_OC2NPolarityConfig), (14 bytes).
    Removing hal_tim.o(i.TIM_OC2PolarityConfig), (14 bytes).
    Removing hal_tim.o(i.TIM_OC2PreloadConfig), (16 bytes).
    Removing hal_tim.o(i.TIM_OC3FastConfig), (12 bytes).
    Removing hal_tim.o(i.TIM_OC3Init), (104 bytes).
    Removing hal_tim.o(i.TIM_OC3NPolarityConfig), (16 bytes).
    Removing hal_tim.o(i.TIM_OC3PolarityConfig), (16 bytes).
    Removing hal_tim.o(i.TIM_OC3PreloadConfig), (12 bytes).
    Removing hal_tim.o(i.TIM_OC4FastConfig), (16 bytes).
    Removing hal_tim.o(i.TIM_OC4Init), (84 bytes).
    Removing hal_tim.o(i.TIM_OC4PolarityConfig), (16 bytes).
    Removing hal_tim.o(i.TIM_OC4PreloadConfig), (16 bytes).
    Removing hal_tim.o(i.TIM_OCStructInit), (20 bytes).
    Removing hal_tim.o(i.TIM_PWMIConfig), (128 bytes).
    Removing hal_tim.o(i.TIM_PrescalerConfig), (6 bytes).
    Removing hal_tim.o(i.TIM_SelectCCDMA), (24 bytes).
    Removing hal_tim.o(i.TIM_SelectCOM), (24 bytes).
    Removing hal_tim.o(i.TIM_SelectHallSensor), (24 bytes).
    Removing hal_tim.o(i.TIM_SelectInputTrigger), (12 bytes).
    Removing hal_tim.o(i.TIM_SelectMasterSlaveMode), (12 bytes).
    Removing hal_tim.o(i.TIM_SelectOCxM), (92 bytes).
    Removing hal_tim.o(i.TIM_SelectOnePulseMode), (12 bytes).
    Removing hal_tim.o(i.TIM_SelectOutputTrigger), (12 bytes).
    Removing hal_tim.o(i.TIM_SelectSlaveMode), (12 bytes).
    Removing hal_tim.o(i.TIM_SetAutoreload), (4 bytes).
    Removing hal_tim.o(i.TIM_SetClockDivision), (14 bytes).
    Removing hal_tim.o(i.TIM_SetCompare1), (18 bytes).
    Removing hal_tim.o(i.TIM_SetCompare2), (18 bytes).
    Removing hal_tim.o(i.TIM_SetCompare3), (18 bytes).
    Removing hal_tim.o(i.TIM_SetCompare4), (18 bytes).
    Removing hal_tim.o(i.TIM_SetCounter), (18 bytes).
    Removing hal_tim.o(i.TIM_SetIC1Prescaler), (12 bytes).
    Removing hal_tim.o(i.TIM_SetIC2Prescaler), (16 bytes).
    Removing hal_tim.o(i.TIM_SetIC3Prescaler), (12 bytes).
    Removing hal_tim.o(i.TIM_SetIC4Prescaler), (16 bytes).
    Removing hal_tim.o(i.TIM_TIxExternalClockConfig), (58 bytes).
    Removing hal_tim.o(i.TIM_TimeBaseInit), (92 bytes).
    Removing hal_tim.o(i.TIM_TimeBaseStructInit), (18 bytes).
    Removing hal_tim.o(i.TIM_UpdateDisableConfig), (24 bytes).
    Removing hal_tim.o(i.TIM_UpdateRequestConfig), (12 bytes).
    Removing hal_tim.o(i.exTIM_ClearOC5Ref), (12 bytes).
    Removing hal_tim.o(i.exTIM_DirectOutput), (28 bytes).
    Removing hal_tim.o(i.exTIM_GetCapture5), (6 bytes).
    Removing hal_tim.o(i.exTIM_OC5FastConfig), (12 bytes).
    Removing hal_tim.o(i.exTIM_OC5Init), (80 bytes).
    Removing hal_tim.o(i.exTIM_OC5PolarityConfig), (16 bytes).
    Removing hal_tim.o(i.exTIM_OC5PreloadConfig), (12 bytes).
    Removing hal_tim.o(i.exTIM_SetCompare5), (6 bytes).
    Removing hal_tim.o(i.exTIM_SetIC1Plority), (24 bytes).
    Removing hal_tim.o(i.exTIM_SetIC2Plority), (24 bytes).
    Removing hal_tim.o(i.exTIM_SetIC3Plority), (28 bytes).
    Removing hal_tim.o(i.exTIM_SetIC4Plority), (28 bytes).
    Removing hal_uart.o(.rev16_text), (4 bytes).
    Removing hal_uart.o(.revsh_text), (4 bytes).
    Removing hal_uart.o(i.UART_ClearITPendingBit), (4 bytes).
    Removing hal_uart.o(i.UART_Cmd), (12 bytes).
    Removing hal_uart.o(i.UART_DMACmd), (18 bytes).
    Removing hal_uart.o(i.UART_DeInit), (44 bytes).
    Removing hal_uart.o(i.UART_Enable9bit), (16 bytes).
    Removing hal_uart.o(i.UART_GetFlagStatus), (18 bytes).
    Removing hal_uart.o(i.UART_GetITStatus), (18 bytes).
    Removing hal_uart.o(i.UART_HalfDuplexCmd), (16 bytes).
    Removing hal_uart.o(i.UART_ITConfig), (20 bytes).
    Removing hal_uart.o(i.UART_Init), (120 bytes).
    Removing hal_uart.o(i.UART_ReceiveData), (8 bytes).
    Removing hal_uart.o(i.UART_ReceiverWakeUpCmd), (16 bytes).
    Removing hal_uart.o(i.UART_SendBreak), (10 bytes).
    Removing hal_uart.o(i.UART_SendData), (6 bytes).
    Removing hal_uart.o(i.UART_Set9bitAutomaticToggle), (16 bytes).
    Removing hal_uart.o(i.UART_Set9bitLevel), (16 bytes).
    Removing hal_uart.o(i.UART_Set9bitPolarity), (14 bytes).
    Removing hal_uart.o(i.UART_SetGuardTime), (16 bytes).
    Removing hal_uart.o(i.UART_SetRXAddress), (12 bytes).
    Removing hal_uart.o(i.UART_SetRXMASK), (12 bytes).
    Removing hal_uart.o(i.UART_SmartCardCmd), (12 bytes).
    Removing hal_uart.o(i.UART_SmartCardNACKCmd), (14 bytes).
    Removing hal_uart.o(i.UART_StructInit), (26 bytes).
    Removing hal_uart.o(i.UART_WakeUpConfig), (14 bytes).
    Removing hal_uid.o(.rev16_text), (4 bytes).
    Removing hal_uid.o(.revsh_text), (4 bytes).
    Removing hal_uid.o(i.GetChipUID), (32 bytes).
    Removing hal_uid.o(.bss), (12 bytes).
    Removing hal_ver.o(.rev16_text), (4 bytes).
    Removing hal_ver.o(.revsh_text), (4 bytes).
    Removing hal_ver.o(i.Get_ChipsetDEVID), (12 bytes).
    Removing hal_ver.o(i.Get_ChipsetREVID), (16 bytes).
    Removing hal_ver.o(i.Get_ChipsetUIDw0), (12 bytes).
    Removing hal_ver.o(i.Get_ChipsetUIDw1), (12 bytes).
    Removing hal_ver.o(i.Get_ChipsetUIDw2), (12 bytes).
    Removing hal_ver.o(i.Get_MM32LibReleaseDate), (8 bytes).
    Removing hal_ver.o(i.Get_MM32LibVersion), (8 bytes).
    Removing hal_wwdg.o(.rev16_text), (4 bytes).
    Removing hal_wwdg.o(.revsh_text), (4 bytes).
    Removing hal_wwdg.o(i.WWDG_ClearFlag), (20 bytes).
    Removing hal_wwdg.o(i.WWDG_DeInit), (12 bytes).
    Removing hal_wwdg.o(i.WWDG_Enable), (16 bytes).
    Removing hal_wwdg.o(i.WWDG_EnableIT), (20 bytes).
    Removing hal_wwdg.o(i.WWDG_GetCounter), (16 bytes).
    Removing hal_wwdg.o(i.WWDG_GetFlagStatus), (20 bytes).
    Removing hal_wwdg.o(i.WWDG_SetCounter), (16 bytes).
    Removing hal_wwdg.o(i.WWDG_SetPrescaler), (24 bytes).
    Removing hal_wwdg.o(i.WWDG_SetWindowValue), (24 bytes).
    Removing fmul.o(.text), (122 bytes).
    Removing fdiv.o(.text), (124 bytes).
    Removing dadd.o(.text), (360 bytes).
    Removing dmul.o(.text), (208 bytes).
    Removing ffltui.o(.text), (14 bytes).
    Removing dflti.o(.text), (40 bytes).
    Removing ffixui.o(.text), (40 bytes).
    Removing dfixi.o(.text), (72 bytes).
    Removing cdcmple.o(.text), (40 bytes).
    Removing cdrcmple.o(.text), (40 bytes).
    Removing fepilogue.o(.text), (130 bytes).
    Removing depilogue.o(.text), (190 bytes).
    Removing depilogue.o(i.__ARM_clz), (46 bytes).

598 unused section(s) (total 40569 bytes) removed from the image.

==============================================================================

Image Symbol Table

    Local Symbols

    Symbol Name                              Value     Ov Type        Size  Object(Section)

    ../clib/microlib/division.c              0x00000000   Number         0  uidiv.o ABSOLUTE
    ../clib/microlib/division.c              0x00000000   Number         0  idiv.o ABSOLUTE
    ../clib/microlib/init/entry.s            0x00000000   Number         0  entry8b.o ABSOLUTE
    ../clib/microlib/init/entry.s            0x00000000   Number         0  entry11b.o ABSOLUTE
    ../clib/microlib/init/entry.s            0x00000000   Number         0  entry5.o ABSOLUTE
    ../clib/microlib/init/entry.s            0x00000000   Number         0  entry8a.o ABSOLUTE
    ../clib/microlib/init/entry.s            0x00000000   Number         0  entry12b.o ABSOLUTE
    ../clib/microlib/init/entry.s            0x00000000   Number         0  entry7b.o ABSOLUTE
    ../clib/microlib/init/entry.s            0x00000000   Number         0  entry2.o ABSOLUTE
    ../clib/microlib/init/entry.s            0x00000000   Number         0  entry12a.o ABSOLUTE
    ../clib/microlib/init/entry.s            0x00000000   Number         0  entry.o ABSOLUTE
    ../clib/microlib/init/entry.s            0x00000000   Number         0  entry7a.o ABSOLUTE
    ../clib/microlib/init/entry.s            0x00000000   Number         0  entry11a.o ABSOLUTE
    ../clib/microlib/init/entry.s            0x00000000   Number         0  entry10b.o ABSOLUTE
    ../clib/microlib/init/entry.s            0x00000000   Number         0  entry10a.o ABSOLUTE
    ../clib/microlib/init/entry.s            0x00000000   Number         0  entry9b.o ABSOLUTE
    ../clib/microlib/init/entry.s            0x00000000   Number         0  entry9a.o ABSOLUTE
    ../clib/microlib/longlong.c              0x00000000   Number         0  llshl.o ABSOLUTE
    ../clib/microlib/longlong.c              0x00000000   Number         0  llushr.o ABSOLUTE
    ../clib/microlib/longlong.c              0x00000000   Number         0  llsshr.o ABSOLUTE
    ../clib/microlib/malloc/malloc.c         0x00000000   Number         0  mallocra.o ABSOLUTE
    ../clib/microlib/malloc/malloc.c         0x00000000   Number         0  malloca.o ABSOLUTE
    ../clib/microlib/malloc/malloc.c         0x00000000   Number         0  mallocr.o ABSOLUTE
    ../clib/microlib/malloc/malloc.c         0x00000000   Number         0  malloc.o ABSOLUTE
    ../clib/microlib/malloc/mvars.c          0x00000000   Number         0  mvars.o ABSOLUTE
    ../clib/microlib/string/memcpy.c         0x00000000   Number         0  memcpya.o ABSOLUTE
    ../clib/microlib/string/memcpy.c         0x00000000   Number         0  memcpyb.o ABSOLUTE
    ../clib/microlib/stubs.s                 0x00000000   Number         0  iusefp.o ABSOLUTE
    ../clib/microlib/unhosted.c              0x00000000   Number         0  uwrite8.o ABSOLUTE
    ../clib/microlib/unhosted.c              0x00000000   Number         0  uwrite4.o ABSOLUTE
    ../clib/microlib/unhosted.c              0x00000000   Number         0  uread8.o ABSOLUTE
    ../clib/microlib/unhosted.c              0x00000000   Number         0  uread4.o ABSOLUTE
    ../fplib/microlib/fpadd.c                0x00000000   Number         0  dadd.o ABSOLUTE
    ../fplib/microlib/fpdiv.c                0x00000000   Number         0  fdiv.o ABSOLUTE
    ../fplib/microlib/fpepilogue.c           0x00000000   Number         0  depilogue.o ABSOLUTE
    ../fplib/microlib/fpepilogue.c           0x00000000   Number         0  fepilogue.o ABSOLUTE
    ../fplib/microlib/fpfix.c                0x00000000   Number         0  ffixui.o ABSOLUTE
    ../fplib/microlib/fpfix.c                0x00000000   Number         0  dfixi.o ABSOLUTE
    ../fplib/microlib/fpflt.c                0x00000000   Number         0  ffltui.o ABSOLUTE
    ../fplib/microlib/fpflt.c                0x00000000   Number         0  dflti.o ABSOLUTE
    ../fplib/microlib/fpmul.c                0x00000000   Number         0  dmul.o ABSOLUTE
    ../fplib/microlib/fpmul.c                0x00000000   Number         0  fmul.o ABSOLUTE
    ..\..\..\..\01.comm\comm.c               0x00000000   Number         0  comm.o ABSOLUTE
    ..\..\Libraries\Device\MM32SPIN2xx_p\HAL_Lib\Src\hal_adc.c 0x00000000   Number         0  hal_adc.o ABSOLUTE
    ..\..\Libraries\Device\MM32SPIN2xx_p\HAL_Lib\Src\hal_bkp.c 0x00000000   Number         0  hal_bkp.o ABSOLUTE
    ..\..\Libraries\Device\MM32SPIN2xx_p\HAL_Lib\Src\hal_comp.c 0x00000000   Number         0  hal_comp.o ABSOLUTE
    ..\..\Libraries\Device\MM32SPIN2xx_p\HAL_Lib\Src\hal_crc.c 0x00000000   Number         0  hal_crc.o ABSOLUTE
    ..\..\Libraries\Device\MM32SPIN2xx_p\HAL_Lib\Src\hal_dbg.c 0x00000000   Number         0  hal_dbg.o ABSOLUTE
    ..\..\Libraries\Device\MM32SPIN2xx_p\HAL_Lib\Src\hal_div.c 0x00000000   Number         0  hal_div.o ABSOLUTE
    ..\..\Libraries\Device\MM32SPIN2xx_p\HAL_Lib\Src\hal_dma.c 0x00000000   Number         0  hal_dma.o ABSOLUTE
    ..\..\Libraries\Device\MM32SPIN2xx_p\HAL_Lib\Src\hal_exti.c 0x00000000   Number         0  hal_exti.o ABSOLUTE
    ..\..\Libraries\Device\MM32SPIN2xx_p\HAL_Lib\Src\hal_flash.c 0x00000000   Number         0  hal_flash.o ABSOLUTE
    ..\..\Libraries\Device\MM32SPIN2xx_p\HAL_Lib\Src\hal_gpio.c 0x00000000   Number         0  hal_gpio.o ABSOLUTE
    ..\..\Libraries\Device\MM32SPIN2xx_p\HAL_Lib\Src\hal_i2c.c 0x00000000   Number         0  hal_i2c.o ABSOLUTE
    ..\..\Libraries\Device\MM32SPIN2xx_p\HAL_Lib\Src\hal_iwdg.c 0x00000000   Number         0  hal_iwdg.o ABSOLUTE
    ..\..\Libraries\Device\MM32SPIN2xx_p\HAL_Lib\Src\hal_misc.c 0x00000000   Number         0  hal_misc.o ABSOLUTE
    ..\..\Libraries\Device\MM32SPIN2xx_p\HAL_Lib\Src\hal_opamp.c 0x00000000   Number         0  hal_opamp.o ABSOLUTE
    ..\..\Libraries\Device\MM32SPIN2xx_p\HAL_Lib\Src\hal_pwr.c 0x00000000   Number         0  hal_pwr.o ABSOLUTE
    ..\..\Libraries\Device\MM32SPIN2xx_p\HAL_Lib\Src\hal_rcc.c 0x00000000   Number         0  hal_rcc.o ABSOLUTE
    ..\..\Libraries\Device\MM32SPIN2xx_p\HAL_Lib\Src\hal_spi.c 0x00000000   Number         0  hal_spi.o ABSOLUTE
    ..\..\Libraries\Device\MM32SPIN2xx_p\HAL_Lib\Src\hal_sqrt.c 0x00000000   Number         0  hal_sqrt.o ABSOLUTE
    ..\..\Libraries\Device\MM32SPIN2xx_p\HAL_Lib\Src\hal_tim.c 0x00000000   Number         0  hal_tim.o ABSOLUTE
    ..\..\Libraries\Device\MM32SPIN2xx_p\HAL_Lib\Src\hal_uart.c 0x00000000   Number         0  hal_uart.o ABSOLUTE
    ..\..\Libraries\Device\MM32SPIN2xx_p\HAL_Lib\Src\hal_uid.c 0x00000000   Number         0  hal_uid.o ABSOLUTE
    ..\..\Libraries\Device\MM32SPIN2xx_p\HAL_Lib\Src\hal_ver.c 0x00000000   Number         0  hal_ver.o ABSOLUTE
    ..\..\Libraries\Device\MM32SPIN2xx_p\HAL_Lib\Src\hal_wwdg.c 0x00000000   Number         0  hal_wwdg.o ABSOLUTE
    ..\..\Libraries\Device\MM32SPIN2xx_p\Source\KEIL_StartAsm\startup_mm32spin2xx_p_keil.s 0x00000000   Number         0  startup_mm32spin2xx_p_keil.o ABSOLUTE
    ..\..\Libraries\Device\MM32SPIN2xx_p\Source\system_mm32spin2xx_p.c 0x00000000   Number         0  system_mm32spin2xx_p.o ABSOLUTE
    ..\..\Libraries\seekfree_libraries\board\board.c 0x00000000   Number         0  board.o ABSOLUTE
    ..\..\Libraries\seekfree_libraries\common\SEEKFREE_PRINTF.c 0x00000000   Number         0  seekfree_printf.o ABSOLUTE
    ..\..\Libraries\seekfree_libraries\common\common.c 0x00000000   Number         0  common.o ABSOLUTE
    ..\..\Libraries\seekfree_libraries\zf_adc.c 0x00000000   Number         0  zf_adc.o ABSOLUTE
    ..\..\Libraries\seekfree_libraries\zf_camera.c 0x00000000   Number         0  zf_camera.o ABSOLUTE
    ..\..\Libraries\seekfree_libraries\zf_exti.c 0x00000000   Number         0  zf_exti.o ABSOLUTE
    ..\..\Libraries\seekfree_libraries\zf_flash.c 0x00000000   Number         0  zf_flash.o ABSOLUTE
    ..\..\Libraries\seekfree_libraries\zf_gpio.c 0x00000000   Number         0  zf_gpio.o ABSOLUTE
    ..\..\Libraries\seekfree_libraries\zf_pit.c 0x00000000   Number         0  zf_pit.o ABSOLUTE
    ..\..\Libraries\seekfree_libraries\zf_pwm.c 0x00000000   Number         0  zf_pwm.o ABSOLUTE
    ..\..\Libraries\seekfree_libraries\zf_spi.c 0x00000000   Number         0  zf_spi.o ABSOLUTE
    ..\..\Libraries\seekfree_libraries\zf_systick.c 0x00000000   Number         0  zf_systick.o ABSOLUTE
    ..\..\Libraries\seekfree_libraries\zf_tim.c 0x00000000   Number         0  zf_tim.o ABSOLUTE
    ..\..\Libraries\seekfree_libraries\zf_uart.c 0x00000000   Number         0  zf_uart.o ABSOLUTE
    ..\..\Libraries\seekfree_peripheral\SEEKFREE_FONT.c 0x00000000   Number         0  seekfree_font.o ABSOLUTE
    ..\..\Libraries\seekfree_peripheral\SEEKFREE_IIC.c 0x00000000   Number         0  seekfree_iic.o ABSOLUTE
    ..\..\Libraries\seekfree_peripheral\SEEKFREE_MT9V03X.c 0x00000000   Number         0  seekfree_mt9v03x.o ABSOLUTE
    ..\..\Libraries\seekfree_peripheral\SEEKFREE_OLED.c 0x00000000   Number         0  seekfree_oled.o ABSOLUTE
    ..\CODE\fifo.c                           0x00000000   Number         0  fifo.o ABSOLUTE
    ..\CODE\list.c                           0x00000000   Number         0  list.o ABSOLUTE
    ..\USER\src\isr.c                        0x00000000   Number         0  isr.o ABSOLUTE
    ..\USER\src\main.c                       0x00000000   Number         0  main.o ABSOLUTE
    ..\\..\\Libraries\\Device\\MM32SPIN2xx_p\\HAL_Lib\\Src\\hal_adc.c 0x00000000   Number         0  hal_adc.o ABSOLUTE
    ..\\..\\Libraries\\Device\\MM32SPIN2xx_p\\HAL_Lib\\Src\\hal_bkp.c 0x00000000   Number         0  hal_bkp.o ABSOLUTE
    ..\\..\\Libraries\\Device\\MM32SPIN2xx_p\\HAL_Lib\\Src\\hal_comp.c 0x00000000   Number         0  hal_comp.o ABSOLUTE
    ..\\..\\Libraries\\Device\\MM32SPIN2xx_p\\HAL_Lib\\Src\\hal_crc.c 0x00000000   Number         0  hal_crc.o ABSOLUTE
    ..\\..\\Libraries\\Device\\MM32SPIN2xx_p\\HAL_Lib\\Src\\hal_dbg.c 0x00000000   Number         0  hal_dbg.o ABSOLUTE
    ..\\..\\Libraries\\Device\\MM32SPIN2xx_p\\HAL_Lib\\Src\\hal_div.c 0x00000000   Number         0  hal_div.o ABSOLUTE
    ..\\..\\Libraries\\Device\\MM32SPIN2xx_p\\HAL_Lib\\Src\\hal_dma.c 0x00000000   Number         0  hal_dma.o ABSOLUTE
    ..\\..\\Libraries\\Device\\MM32SPIN2xx_p\\HAL_Lib\\Src\\hal_exti.c 0x00000000   Number         0  hal_exti.o ABSOLUTE
    ..\\..\\Libraries\\Device\\MM32SPIN2xx_p\\HAL_Lib\\Src\\hal_flash.c 0x00000000   Number         0  hal_flash.o ABSOLUTE
    ..\\..\\Libraries\\Device\\MM32SPIN2xx_p\\HAL_Lib\\Src\\hal_gpio.c 0x00000000   Number         0  hal_gpio.o ABSOLUTE
    ..\\..\\Libraries\\Device\\MM32SPIN2xx_p\\HAL_Lib\\Src\\hal_i2c.c 0x00000000   Number         0  hal_i2c.o ABSOLUTE
    ..\\..\\Libraries\\Device\\MM32SPIN2xx_p\\HAL_Lib\\Src\\hal_iwdg.c 0x00000000   Number         0  hal_iwdg.o ABSOLUTE
    ..\\..\\Libraries\\Device\\MM32SPIN2xx_p\\HAL_Lib\\Src\\hal_misc.c 0x00000000   Number         0  hal_misc.o ABSOLUTE
    ..\\..\\Libraries\\Device\\MM32SPIN2xx_p\\HAL_Lib\\Src\\hal_opamp.c 0x00000000   Number         0  hal_opamp.o ABSOLUTE
    ..\\..\\Libraries\\Device\\MM32SPIN2xx_p\\HAL_Lib\\Src\\hal_pwr.c 0x00000000   Number         0  hal_pwr.o ABSOLUTE
    ..\\..\\Libraries\\Device\\MM32SPIN2xx_p\\HAL_Lib\\Src\\hal_rcc.c 0x00000000   Number         0  hal_rcc.o ABSOLUTE
    ..\\..\\Libraries\\Device\\MM32SPIN2xx_p\\HAL_Lib\\Src\\hal_spi.c 0x00000000   Number         0  hal_spi.o ABSOLUTE
    ..\\..\\Libraries\\Device\\MM32SPIN2xx_p\\HAL_Lib\\Src\\hal_sqrt.c 0x00000000   Number         0  hal_sqrt.o ABSOLUTE
    ..\\..\\Libraries\\Device\\MM32SPIN2xx_p\\HAL_Lib\\Src\\hal_tim.c 0x00000000   Number         0  hal_tim.o ABSOLUTE
    ..\\..\\Libraries\\Device\\MM32SPIN2xx_p\\HAL_Lib\\Src\\hal_uart.c 0x00000000   Number         0  hal_uart.o ABSOLUTE
    ..\\..\\Libraries\\Device\\MM32SPIN2xx_p\\HAL_Lib\\Src\\hal_uid.c 0x00000000   Number         0  hal_uid.o ABSOLUTE
    ..\\..\\Libraries\\Device\\MM32SPIN2xx_p\\HAL_Lib\\Src\\hal_ver.c 0x00000000   Number         0  hal_ver.o ABSOLUTE
    ..\\..\\Libraries\\Device\\MM32SPIN2xx_p\\HAL_Lib\\Src\\hal_wwdg.c 0x00000000   Number         0  hal_wwdg.o ABSOLUTE
    ..\\..\\Libraries\\Device\\MM32SPIN2xx_p\\Source\\system_mm32spin2xx_p.c 0x00000000   Number         0  system_mm32spin2xx_p.o ABSOLUTE
    ..\\..\\Libraries\\seekfree_libraries\\board\\board.c 0x00000000   Number         0  board.o ABSOLUTE
    ..\\..\\Libraries\\seekfree_libraries\\common\\SEEKFREE_PRINTF.c 0x00000000   Number         0  seekfree_printf.o ABSOLUTE
    ..\\..\\Libraries\\seekfree_libraries\\common\\common.c 0x00000000   Number         0  common.o ABSOLUTE
    ..\\..\\Libraries\\seekfree_libraries\\zf_adc.c 0x00000000   Number         0  zf_adc.o ABSOLUTE
    ..\\..\\Libraries\\seekfree_libraries\\zf_camera.c 0x00000000   Number         0  zf_camera.o ABSOLUTE
    ..\\..\\Libraries\\seekfree_libraries\\zf_exti.c 0x00000000   Number         0  zf_exti.o ABSOLUTE
    ..\\..\\Libraries\\seekfree_libraries\\zf_flash.c 0x00000000   Number         0  zf_flash.o ABSOLUTE
    ..\\..\\Libraries\\seekfree_libraries\\zf_gpio.c 0x00000000   Number         0  zf_gpio.o ABSOLUTE
    ..\\..\\Libraries\\seekfree_libraries\\zf_pit.c 0x00000000   Number         0  zf_pit.o ABSOLUTE
    ..\\..\\Libraries\\seekfree_libraries\\zf_pwm.c 0x00000000   Number         0  zf_pwm.o ABSOLUTE
    ..\\..\\Libraries\\seekfree_libraries\\zf_spi.c 0x00000000   Number         0  zf_spi.o ABSOLUTE
    ..\\..\\Libraries\\seekfree_libraries\\zf_systick.c 0x00000000   Number         0  zf_systick.o ABSOLUTE
    ..\\..\\Libraries\\seekfree_libraries\\zf_tim.c 0x00000000   Number         0  zf_tim.o ABSOLUTE
    ..\\..\\Libraries\\seekfree_libraries\\zf_uart.c 0x00000000   Number         0  zf_uart.o ABSOLUTE
    ..\\..\\Libraries\\seekfree_peripheral\\SEEKFREE_FONT.c 0x00000000   Number         0  seekfree_font.o ABSOLUTE
    ..\\..\\Libraries\\seekfree_peripheral\\SEEKFREE_IIC.c 0x00000000   Number         0  seekfree_iic.o ABSOLUTE
    ..\\..\\Libraries\\seekfree_peripheral\\SEEKFREE_MT9V03X.c 0x00000000   Number         0  seekfree_mt9v03x.o ABSOLUTE
    ..\\..\\Libraries\\seekfree_peripheral\\SEEKFREE_OLED.c 0x00000000   Number         0  seekfree_oled.o ABSOLUTE
    ..\\USER\\src\\isr.c                     0x00000000   Number         0  isr.o ABSOLUTE
    ..\\USER\\src\\main.c                    0x00000000   Number         0  main.o ABSOLUTE
    cdcmple.s                                0x00000000   Number         0  cdcmple.o ABSOLUTE
    cdrcmple.s                               0x00000000   Number         0  cdrcmple.o ABSOLUTE
    dc.s                                     0x00000000   Number         0  dc.o ABSOLUTE
    handlers.s                               0x00000000   Number         0  handlers.o ABSOLUTE
    init.s                                   0x00000000   Number         0  init.o ABSOLUTE
    RESET                                    0x08000000   Section      192  startup_mm32spin2xx_p_keil.o(RESET)
    .ARM.Collect$$$$00000000                 0x080000c0   Section        0  entry.o(.ARM.Collect$$$$00000000)
    .ARM.Collect$$$$00000001                 0x080000c0   Section        4  entry2.o(.ARM.Collect$$$$00000001)
    .ARM.Collect$$$$00000004                 0x080000c4   Section        4  entry5.o(.ARM.Collect$$$$00000004)
    .ARM.Collect$$$$00000008                 0x080000c8   Section        0  entry7b.o(.ARM.Collect$$$$00000008)
    .ARM.Collect$$$$0000000A                 0x080000c8   Section        0  entry8b.o(.ARM.Collect$$$$0000000A)
    .ARM.Collect$$$$0000000B                 0x080000c8   Section        8  entry9a.o(.ARM.Collect$$$$0000000B)
    .ARM.Collect$$$$0000000E                 0x080000d0   Section        4  entry12b.o(.ARM.Collect$$$$0000000E)
    .ARM.Collect$$$$0000000F                 0x080000d4   Section        0  entry10a.o(.ARM.Collect$$$$0000000F)
    .ARM.Collect$$$$00000011                 0x080000d4   Section        0  entry11a.o(.ARM.Collect$$$$00000011)
    .ARM.Collect$$$$00002712                 0x080000d4   Section        4  entry2.o(.ARM.Collect$$$$00002712)
    __lit__00000000                          0x080000d4   Data           4  entry2.o(.ARM.Collect$$$$00002712)
    .text                                    0x080000d8   Section      132  startup_mm32spin2xx_p_keil.o(.text)
    .text                                    0x0800015c   Section        0  uidiv.o(.text)
    .text                                    0x08000188   Section        0  idiv.o(.text)
    .text                                    0x080001b0   Section        0  memcpya.o(.text)
    .text                                    0x080001d4   Section        0  uread4.o(.text)
    .text                                    0x080001e8   Section        0  uread8.o(.text)
    .text                                    0x08000204   Section        0  uwrite4.o(.text)
    .text                                    0x08000216   Section        0  uwrite8.o(.text)
    .text                                    0x08000234   Section       36  init.o(.text)
    i.AutoCalPllFactor                       0x08000258   Section        0  system_mm32spin2xx_p.o(i.AutoCalPllFactor)
    i.DMA1_Channel1_IRQHandler               0x080002c2   Section        0  isr.o(i.DMA1_Channel1_IRQHandler)
    i.DMA1_Channel2_3_IRQHandler             0x080002d6   Section        0  isr.o(i.DMA1_Channel2_3_IRQHandler)
    i.DMA1_Channel4_5_IRQHandler             0x080002fc   Section        0  isr.o(i.DMA1_Channel4_5_IRQHandler)
    i.DMA_ClearFlag                          0x0800033c   Section        0  hal_dma.o(i.DMA_ClearFlag)
    i.DMA_GetFlagStatus                      0x08000348   Section        0  hal_dma.o(i.DMA_GetFlagStatus)
    i.EXTI0_1_IRQHandler                     0x08000360   Section        0  isr.o(i.EXTI0_1_IRQHandler)
    i.EXTI2_3_IRQHandler                     0x08000384   Section        0  isr.o(i.EXTI2_3_IRQHandler)
    i.EXTI4_15_IRQHandler                    0x080003a8   Section        0  isr.o(i.EXTI4_15_IRQHandler)
    i.EXTI_ClearFlag                         0x080004a4   Section        0  hal_exti.o(i.EXTI_ClearFlag)
    i.EXTI_GetITStatus                       0x080004b0   Section        0  hal_exti.o(i.EXTI_GetITStatus)
    i.HardFault_Handler                      0x080004d4   Section        0  common.o(i.HardFault_Handler)
    i.NMI_Handler                            0x080004d8   Section        0  common.o(i.NMI_Handler)
    i.NVIC_Init                              0x080004dc   Section        0  hal_misc.o(i.NVIC_Init)
    i.PendSV_Handler                         0x08000544   Section        0  common.o(i.PendSV_Handler)
    i.SVC_Handler                            0x08000548   Section        0  common.o(i.SVC_Handler)
    i.SetSysClock                            0x0800054c   Section        0  system_mm32spin2xx_p.o(i.SetSysClock)
    SetSysClock                              0x0800054d   Thumb Code     8  system_mm32spin2xx_p.o(i.SetSysClock)
    i.SetSysClockToXX                        0x08000554   Section        0  system_mm32spin2xx_p.o(i.SetSysClockToXX)
    SetSysClockToXX                          0x08000555   Thumb Code   330  system_mm32spin2xx_p.o(i.SetSysClockToXX)
    i.SystemInit                             0x080006b8   Section        0  system_mm32spin2xx_p.o(i.SystemInit)
    i.TIM14_IRQHandler                       0x08000724   Section        0  isr.o(i.TIM14_IRQHandler)
    i.TIM16_IRQHandler                       0x08000738   Section        0  isr.o(i.TIM16_IRQHandler)
    i.TIM17_IRQHandler                       0x0800074c   Section        0  isr.o(i.TIM17_IRQHandler)
    i.TIM1_BRK_UP_TRG_COM_IRQHandler         0x08000760   Section        0  isr.o(i.TIM1_BRK_UP_TRG_COM_IRQHandler)
    i.TIM2_IRQHandler                        0x0800077c   Section        0  isr.o(i.TIM2_IRQHandler)
    i.TIM3_IRQHandler                        0x08000798   Section        0  isr.o(i.TIM3_IRQHandler)
    i.TIM8_BRK_UP_TRG_COM_IRQHandler         0x080007ac   Section        0  isr.o(i.TIM8_BRK_UP_TRG_COM_IRQHandler)
    i.UART1_IRQHandler                       0x080007c0   Section        0  isr.o(i.UART1_IRQHandler)
    i.UART2_IRQHandler                       0x0800080c   Section        0  isr.o(i.UART2_IRQHandler)
    i.__scatterload_copy                     0x0800085c   Section       14  handlers.o(i.__scatterload_copy)
    i.__scatterload_null                     0x0800086a   Section        2  handlers.o(i.__scatterload_null)
    i.__scatterload_zeroinit                 0x0800086c   Section       14  handlers.o(i.__scatterload_zeroinit)
    i._ackCallback                           0x0800087c   Section        0  comm.o(i._ackCallback)
    _ackCallback                             0x0800087d   Thumb Code   212  comm.o(i._ackCallback)
    i._crc8                                  0x08000954   Section        0  comm.o(i._crc8)
    _crc8                                    0x08000955   Thumb Code    28  comm.o(i._crc8)
    i._sendAck                               0x08000974   Section        0  comm.o(i._sendAck)
    _sendAck                                 0x08000975   Thumb Code   190  comm.o(i._sendAck)
    i._sendFrame                             0x08000a3c   Section        0  comm.o(i._sendFrame)
    _sendFrame                               0x08000a3d   Thumb Code    34  comm.o(i._sendFrame)
    i.afio_init                              0x08000a60   Section        0  zf_gpio.o(i.afio_init)
    i.board_init                             0x08000b38   Section        0  board.o(i.board_init)
    i.comm_getByte                           0x08000b54   Section        0  comm.o(i.comm_getByte)
    i.comm_handle                            0x08000b90   Section        0  comm.o(i.comm_handle)
    i.comm_putBuf                            0x08000f18   Section        0  main.o(i.comm_putBuf)
    i.comm_start                             0x08000f2c   Section        0  comm.o(i.comm_start)
    i.comm_tick                              0x08001020   Section        0  comm.o(i.comm_tick)
    i.fifo_clean                             0x08001050   Section        0  fifo.o(i.fifo_clean)
    i.fifo_create                            0x0800106e   Section        0  fifo.o(i.fifo_create)
    i.fifo_delete                            0x080010a0   Section        0  fifo.o(i.fifo_delete)
    i.fifo_getAvailable                      0x080010ae   Section        0  fifo.o(i.fifo_getAvailable)
    i.fifo_getUsed                           0x080010f4   Section        0  fifo.o(i.fifo_getUsed)
    i.fifo_popBuf                            0x0800112e   Section        0  fifo.o(i.fifo_popBuf)
    i.fifo_pushByte                          0x0800118a   Section        0  fifo.o(i.fifo_pushByte)
    i.free                                   0x080011d8   Section        0  malloc.o(i.free)
    i.gpio_init                              0x0800122c   Section        0  zf_gpio.o(i.gpio_init)
    i.gpio_set                               0x080012f4   Section        0  zf_gpio.o(i.gpio_set)
    i.list_append                            0x08001350   Section        0  list.o(i.list_append)
    i.list_clean                             0x080013c8   Section        0  list.o(i.list_clean)
    i.list_count                             0x08001408   Section        0  list.o(i.list_count)
    i.list_create                            0x0800141a   Section        0  list.o(i.list_create)
    i.list_delete                            0x08001442   Section        0  list.o(i.list_delete)
    i.list_query                             0x08001456   Section        0  list.o(i.list_query)
    i.main                                   0x0800149c   Section        0  main.o(i.main)
    i.malloc                                 0x080014f8   Section        0  malloc.o(i.malloc)
    i.mt9v03x_dma                            0x08001564   Section        0  seekfree_mt9v03x.o(i.mt9v03x_dma)
    i.mt9v03x_uart_callback                  0x08001584   Section        0  seekfree_mt9v03x.o(i.mt9v03x_uart_callback)
    i.mt9v03x_vsync                          0x080015d8   Section        0  seekfree_mt9v03x.o(i.mt9v03x_vsync)
    i.nvic_init                              0x080015f4   Section        0  common.o(i.nvic_init)
    i.systick_delay                          0x0800160c   Section        0  zf_systick.o(i.systick_delay)
    i.systick_delay_ms                       0x08001634   Section        0  zf_systick.o(i.systick_delay_ms)
    i.tim_interrupt_init_ms                  0x0800165c   Section        0  zf_pit.o(i.tim_interrupt_init_ms)
    i.uart_getchar                           0x0800173c   Section        0  zf_uart.o(i.uart_getchar)
    i.uart_init                              0x08001760   Section        0  zf_uart.o(i.uart_init)
    i.uart_pin_init                          0x08001824   Section        0  zf_uart.o(i.uart_pin_init)
    uart_pin_init                            0x08001825   Thumb Code    44  zf_uart.o(i.uart_pin_init)
    i.uart_putbuff                           0x08001850   Section        0  zf_uart.o(i.uart_putbuff)
    i.uart_rx_irq                            0x08001880   Section        0  zf_uart.o(i.uart_rx_irq)
    .constdata                               0x080018cc   Section      261  comm.o(.constdata)
    _crc8Table                               0x080018cc   Data         256  comm.o(.constdata)
    .data                                    0x20000000   Section        8  common.o(.data)
    .data                                    0x20000008   Section       20  system_mm32spin2xx_p.o(.data)
    .data                                    0x2000001c   Section       16  zf_gpio.o(.data)
    .data                                    0x2000002c   Section       28  zf_tim.o(.data)
    .data                                    0x20000048   Section       10  zf_uart.o(.data)
    .data                                    0x20000052   Section       74  seekfree_mt9v03x.o(.data)
    receive                                  0x20000053   Data           3  seekfree_mt9v03x.o(.data)
    receive_num                              0x20000056   Data           1  seekfree_mt9v03x.o(.data)
    uart_receive_flag                        0x20000057   Data           1  seekfree_mt9v03x.o(.data)
    .data                                    0x2000009c   Section        4  mvars.o(.data)
    .data                                    0x200000a0   Section        4  mvars.o(.data)
    .bss                                     0x200000a4   Section       58  comm.o(.bss)
    comm_cb                                  0x200000a4   Data          58  comm.o(.bss)
    HEAP                                     0x200000e0   Section     1024  startup_mm32spin2xx_p_keil.o(HEAP)
    STACK                                    0x200004e0   Section      512  startup_mm32spin2xx_p_keil.o(STACK)

    Global Symbols

    Symbol Name                              Value     Ov Type        Size  Object(Section)

    BuildAttributes$$THM_ISAv3M$S$PE$A:L22$X:L11$S22$IEEE1$IW$USESV6$~STKCKD$USESV7$~SHL$OTIME$ROPI$EBA8$MICROLIB$REQ8$PRES8$EABIv2 0x00000000   Number         0  anon$$obj.o ABSOLUTE
    __ARM_use_no_argv                        0x00000000   Number         0  main.o ABSOLUTE
    __arm_fini_                               - Undefined Weak Reference
    __cpp_initialize__aeabi_                  - Undefined Weak Reference
    __cxa_finalize                            - Undefined Weak Reference
    __decompress                              - Undefined Weak Reference
    _clock_init                               - Undefined Weak Reference
    _microlib_exit                            - Undefined Weak Reference
    __Vectors_Size                           0x000000c0   Number         0  startup_mm32spin2xx_p_keil.o ABSOLUTE
    __Vectors                                0x08000000   Data           4  startup_mm32spin2xx_p_keil.o(RESET)
    __Vectors_End                            0x080000c0   Data           0  startup_mm32spin2xx_p_keil.o(RESET)
    __main                                   0x080000c1   Thumb Code     0  entry.o(.ARM.Collect$$$$00000000)
    _main_stk                                0x080000c1   Thumb Code     0  entry2.o(.ARM.Collect$$$$00000001)
    _main_scatterload                        0x080000c5   Thumb Code     0  entry5.o(.ARM.Collect$$$$00000004)
    __main_after_scatterload                 0x080000c9   Thumb Code     0  entry5.o(.ARM.Collect$$$$00000004)
    _main_clock                              0x080000c9   Thumb Code     0  entry7b.o(.ARM.Collect$$$$00000008)
    _main_cpp_init                           0x080000c9   Thumb Code     0  entry8b.o(.ARM.Collect$$$$0000000A)
    _main_init                               0x080000c9   Thumb Code     0  entry9a.o(.ARM.Collect$$$$0000000B)
    __rt_lib_shutdown_fini                   0x080000d1   Thumb Code     0  entry12b.o(.ARM.Collect$$$$0000000E)
    __rt_final_cpp                           0x080000d5   Thumb Code     0  entry10a.o(.ARM.Collect$$$$0000000F)
    __rt_final_exit                          0x080000d5   Thumb Code     0  entry11a.o(.ARM.Collect$$$$00000011)
    Reset_Handler                            0x080000d9   Thumb Code    62  startup_mm32spin2xx_p_keil.o(.text)
    SysTick_Handler                          0x0800011f   Thumb Code     2  startup_mm32spin2xx_p_keil.o(.text)
    ADC1_IRQHandler                          0x08000121   Thumb Code     0  startup_mm32spin2xx_p_keil.o(.text)
    ADC2_IRQHandler                          0x08000121   Thumb Code     0  startup_mm32spin2xx_p_keil.o(.text)
    COMP1_2_3_4_5_IRQHandler                 0x08000121   Thumb Code     0  startup_mm32spin2xx_p_keil.o(.text)
    FLASH_IRQHandler                         0x08000121   Thumb Code     0  startup_mm32spin2xx_p_keil.o(.text)
    HWDIV_IRQHandler                         0x08000121   Thumb Code     0  startup_mm32spin2xx_p_keil.o(.text)
    I2C1_IRQHandler                          0x08000121   Thumb Code     0  startup_mm32spin2xx_p_keil.o(.text)
    PVD_IRQHandler                           0x08000121   Thumb Code     0  startup_mm32spin2xx_p_keil.o(.text)
    PWM_IRQHandler                           0x08000121   Thumb Code     0  startup_mm32spin2xx_p_keil.o(.text)
    RCC_IRQHandler                           0x08000121   Thumb Code     0  startup_mm32spin2xx_p_keil.o(.text)
    SPI1_IRQHandler                          0x08000121   Thumb Code     0  startup_mm32spin2xx_p_keil.o(.text)
    SPI2_IRQHandler                          0x08000121   Thumb Code     0  startup_mm32spin2xx_p_keil.o(.text)
    TIM1_CC_IRQHandler                       0x08000121   Thumb Code     0  startup_mm32spin2xx_p_keil.o(.text)
    TIM8_CC_IRQHandler                       0x08000121   Thumb Code     0  startup_mm32spin2xx_p_keil.o(.text)
    WWDG_IRQHandler                          0x08000121   Thumb Code     0  startup_mm32spin2xx_p_keil.o(.text)
    __aeabi_uidiv                            0x0800015d   Thumb Code     0  uidiv.o(.text)
    __aeabi_uidivmod                         0x0800015d   Thumb Code    44  uidiv.o(.text)
    __aeabi_idiv                             0x08000189   Thumb Code     0  idiv.o(.text)
    __aeabi_idivmod                          0x08000189   Thumb Code    40  idiv.o(.text)
    __aeabi_memcpy                           0x080001b1   Thumb Code    36  memcpya.o(.text)
    __aeabi_memcpy4                          0x080001b1   Thumb Code     0  memcpya.o(.text)
    __aeabi_memcpy8                          0x080001b1   Thumb Code     0  memcpya.o(.text)
    __aeabi_uread4                           0x080001d5   Thumb Code    20  uread4.o(.text)
    __rt_uread4                              0x080001d5   Thumb Code     0  uread4.o(.text)
    _uread4                                  0x080001d5   Thumb Code     0  uread4.o(.text)
    __aeabi_uread8                           0x080001e9   Thumb Code    28  uread8.o(.text)
    __rt_uread8                              0x080001e9   Thumb Code     0  uread8.o(.text)
    _uread8                                  0x080001e9   Thumb Code     0  uread8.o(.text)
    __aeabi_uwrite4                          0x08000205   Thumb Code    18  uwrite4.o(.text)
    __rt_uwrite4                             0x08000205   Thumb Code     0  uwrite4.o(.text)
    _uwrite4                                 0x08000205   Thumb Code     0  uwrite4.o(.text)
    __aeabi_uwrite8                          0x08000217   Thumb Code    30  uwrite8.o(.text)
    __rt_uwrite8                             0x08000217   Thumb Code     0  uwrite8.o(.text)
    _uwrite8                                 0x08000217   Thumb Code     0  uwrite8.o(.text)
    __scatterload                            0x08000235   Thumb Code    28  init.o(.text)
    __scatterload_rt2                        0x08000235   Thumb Code     0  init.o(.text)
    AutoCalPllFactor                         0x08000259   Thumb Code   106  system_mm32spin2xx_p.o(i.AutoCalPllFactor)
    DMA1_Channel1_IRQHandler                 0x080002c3   Thumb Code    20  isr.o(i.DMA1_Channel1_IRQHandler)
    DMA1_Channel2_3_IRQHandler               0x080002d7   Thumb Code    38  isr.o(i.DMA1_Channel2_3_IRQHandler)
    DMA1_Channel4_5_IRQHandler               0x080002fd   Thumb Code    58  isr.o(i.DMA1_Channel4_5_IRQHandler)
    DMA_ClearFlag                            0x0800033d   Thumb Code     6  hal_dma.o(i.DMA_ClearFlag)
    DMA_GetFlagStatus                        0x08000349   Thumb Code    20  hal_dma.o(i.DMA_GetFlagStatus)
    EXTI0_1_IRQHandler                       0x08000361   Thumb Code    36  isr.o(i.EXTI0_1_IRQHandler)
    EXTI2_3_IRQHandler                       0x08000385   Thumb Code    36  isr.o(i.EXTI2_3_IRQHandler)
    EXTI4_15_IRQHandler                      0x080003a9   Thumb Code   246  isr.o(i.EXTI4_15_IRQHandler)
    EXTI_ClearFlag                           0x080004a5   Thumb Code     6  hal_exti.o(i.EXTI_ClearFlag)
    EXTI_GetITStatus                         0x080004b1   Thumb Code    30  hal_exti.o(i.EXTI_GetITStatus)
    HardFault_Handler                        0x080004d5   Thumb Code     4  common.o(i.HardFault_Handler)
    NMI_Handler                              0x080004d9   Thumb Code     4  common.o(i.NMI_Handler)
    NVIC_Init                                0x080004dd   Thumb Code   100  hal_misc.o(i.NVIC_Init)
    PendSV_Handler                           0x08000545   Thumb Code     4  common.o(i.PendSV_Handler)
    SVC_Handler                              0x08000549   Thumb Code     4  common.o(i.SVC_Handler)
    SystemInit                               0x080006b9   Thumb Code    90  system_mm32spin2xx_p.o(i.SystemInit)
    TIM14_IRQHandler                         0x08000725   Thumb Code    14  isr.o(i.TIM14_IRQHandler)
    TIM16_IRQHandler                         0x08000739   Thumb Code    14  isr.o(i.TIM16_IRQHandler)
    TIM17_IRQHandler                         0x0800074d   Thumb Code    14  isr.o(i.TIM17_IRQHandler)
    TIM1_BRK_UP_TRG_COM_IRQHandler           0x08000761   Thumb Code    24  isr.o(i.TIM1_BRK_UP_TRG_COM_IRQHandler)
    TIM2_IRQHandler                          0x0800077d   Thumb Code    28  isr.o(i.TIM2_IRQHandler)
    TIM3_IRQHandler                          0x08000799   Thumb Code    14  isr.o(i.TIM3_IRQHandler)
    TIM8_BRK_UP_TRG_COM_IRQHandler           0x080007ad   Thumb Code    14  isr.o(i.TIM8_BRK_UP_TRG_COM_IRQHandler)
    UART1_IRQHandler                         0x080007c1   Thumb Code    70  isr.o(i.UART1_IRQHandler)
    UART2_IRQHandler                         0x0800080d   Thumb Code    70  isr.o(i.UART2_IRQHandler)
    __scatterload_copy                       0x0800085d   Thumb Code    14  handlers.o(i.__scatterload_copy)
    __scatterload_null                       0x0800086b   Thumb Code     2  handlers.o(i.__scatterload_null)
    __scatterload_zeroinit                   0x0800086d   Thumb Code    14  handlers.o(i.__scatterload_zeroinit)
    afio_init                                0x08000a61   Thumb Code   206  zf_gpio.o(i.afio_init)
    board_init                               0x08000b39   Thumb Code    26  board.o(i.board_init)
    comm_getByte                             0x08000b55   Thumb Code    54  comm.o(i.comm_getByte)
    comm_handle                              0x08000b91   Thumb Code   894  comm.o(i.comm_handle)
    comm_putBuf                              0x08000f19   Thumb Code    20  main.o(i.comm_putBuf)
    comm_start                               0x08000f2d   Thumb Code   236  comm.o(i.comm_start)
    comm_tick                                0x08001021   Thumb Code    44  comm.o(i.comm_tick)
    fifo_clean                               0x08001051   Thumb Code    30  fifo.o(i.fifo_clean)
    fifo_create                              0x0800106f   Thumb Code    50  fifo.o(i.fifo_create)
    fifo_delete                              0x080010a1   Thumb Code    14  fifo.o(i.fifo_delete)
    fifo_getAvailable                        0x080010af   Thumb Code    70  fifo.o(i.fifo_getAvailable)
    fifo_getUsed                             0x080010f5   Thumb Code    58  fifo.o(i.fifo_getUsed)
    fifo_popBuf                              0x0800112f   Thumb Code    92  fifo.o(i.fifo_popBuf)
    fifo_pushByte                            0x0800118b   Thumb Code    78  fifo.o(i.fifo_pushByte)
    free                                     0x080011d9   Thumb Code    80  malloc.o(i.free)
    gpio_init                                0x0800122d   Thumb Code   190  zf_gpio.o(i.gpio_init)
    gpio_set                                 0x080012f5   Thumb Code    86  zf_gpio.o(i.gpio_set)
    list_append                              0x08001351   Thumb Code   120  list.o(i.list_append)
    list_clean                               0x080013c9   Thumb Code    64  list.o(i.list_clean)
    list_count                               0x08001409   Thumb Code    18  list.o(i.list_count)
    list_create                              0x0800141b   Thumb Code    40  list.o(i.list_create)
    list_delete                              0x08001443   Thumb Code    20  list.o(i.list_delete)
    list_query                               0x08001457   Thumb Code    70  list.o(i.list_query)
    main                                     0x0800149d   Thumb Code    86  main.o(i.main)
    malloc                                   0x080014f9   Thumb Code    92  malloc.o(i.malloc)
    mt9v03x_dma                              0x08001565   Thumb Code    20  seekfree_mt9v03x.o(i.mt9v03x_dma)
    mt9v03x_uart_callback                    0x08001585   Thumb Code    66  seekfree_mt9v03x.o(i.mt9v03x_uart_callback)
    mt9v03x_vsync                            0x080015d9   Thumb Code    20  seekfree_mt9v03x.o(i.mt9v03x_vsync)
    nvic_init                                0x080015f5   Thumb Code    22  common.o(i.nvic_init)
    systick_delay                            0x0800160d   Thumb Code    36  zf_systick.o(i.systick_delay)
    systick_delay_ms                         0x08001635   Thumb Code    34  zf_systick.o(i.systick_delay_ms)
    tim_interrupt_init_ms                    0x0800165d   Thumb Code   198  zf_pit.o(i.tim_interrupt_init_ms)
    uart_getchar                             0x0800173d   Thumb Code    30  zf_uart.o(i.uart_getchar)
    uart_init                                0x08001761   Thumb Code   180  zf_uart.o(i.uart_init)
    uart_putbuff                             0x08001851   Thumb Code    42  zf_uart.o(i.uart_putbuff)
    uart_rx_irq                              0x08001881   Thumb Code    66  zf_uart.o(i.uart_rx_irq)
    Region$$Table$$Base                      0x080019d4   Number         0  anon$$obj.o(Region$$Table)
    Region$$Table$$Limit                     0x080019f4   Number         0  anon$$obj.o(Region$$Table)
    camera_type                              0x20000000   Data           1  common.o(.data)
    camera_buffer_addr                       0x20000004   Data           4  common.o(.data)
    SystemCoreClock                          0x20000008   Data           4  system_mm32spin2xx_p.o(.data)
    AHBPrescTable                            0x2000000c   Data          16  system_mm32spin2xx_p.o(.data)
    gpio_group                               0x2000001c   Data          16  zf_gpio.o(.data)
    tim_index                                0x2000002c   Data          28  zf_tim.o(.data)
    uart_index                               0x20000048   Data           8  zf_uart.o(.data)
    uart_irq                                 0x20000050   Data           2  zf_uart.o(.data)
    mt9v03x_finish_flag                      0x20000052   Data           1  seekfree_mt9v03x.o(.data)
    MT9V03X_CFG                              0x20000058   Data          36  seekfree_mt9v03x.o(.data)
    GET_CFG                                  0x2000007c   Data          32  seekfree_mt9v03x.o(.data)
    __microlib_freelist                      0x2000009c   Data           4  mvars.o(.data)
    __microlib_freelist_initialised          0x200000a0   Data           4  mvars.o(.data)
    __heap_base                              0x200000e0   Data           0  startup_mm32spin2xx_p_keil.o(HEAP)
    __heap_limit                             0x200004e0   Data           0  startup_mm32spin2xx_p_keil.o(HEAP)
    __initial_sp                             0x200006e0   Data           0  startup_mm32spin2xx_p_keil.o(STACK)



==============================================================================

Memory Map of the image

  Image Entry point : 0x080000c1

  Load Region LR_IROM1 (Base: 0x08000000, Size: 0x00001a98, Max: 0x00020000, ABSOLUTE)

    Execution Region ER_IROM1 (Exec base: 0x08000000, Load base: 0x08000000, Size: 0x000019f4, Max: 0x00020000, ABSOLUTE)

    Exec Addr    Load Addr    Size         Type   Attr      Idx    E Section Name        Object

    0x08000000   0x08000000   0x000000c0   Data   RO          810    RESET               startup_mm32spin2xx_p_keil.o
    0x080000c0   0x080000c0   0x00000000   Code   RO         4390  * .ARM.Collect$$$$00000000  mc_p.l(entry.o)
    0x080000c0   0x080000c0   0x00000004   Code   RO         4457    .ARM.Collect$$$$00000001  mc_p.l(entry2.o)
    0x080000c4   0x080000c4   0x00000004   Code   RO         4460    .ARM.Collect$$$$00000004  mc_p.l(entry5.o)
    0x080000c8   0x080000c8   0x00000000   Code   RO         4462    .ARM.Collect$$$$00000008  mc_p.l(entry7b.o)
    0x080000c8   0x080000c8   0x00000000   Code   RO         4464    .ARM.Collect$$$$0000000A  mc_p.l(entry8b.o)
    0x080000c8   0x080000c8   0x00000008   Code   RO         4465    .ARM.Collect$$$$0000000B  mc_p.l(entry9a.o)
    0x080000d0   0x080000d0   0x00000004   Code   RO         4472    .ARM.Collect$$$$0000000E  mc_p.l(entry12b.o)
    0x080000d4   0x080000d4   0x00000000   Code   RO         4467    .ARM.Collect$$$$0000000F  mc_p.l(entry10a.o)
    0x080000d4   0x080000d4   0x00000000   Code   RO         4469    .ARM.Collect$$$$00000011  mc_p.l(entry11a.o)
    0x080000d4   0x080000d4   0x00000004   Code   RO         4458    .ARM.Collect$$$$00002712  mc_p.l(entry2.o)
    0x080000d8   0x080000d8   0x00000084   Code   RO          811    .text               startup_mm32spin2xx_p_keil.o
    0x0800015c   0x0800015c   0x0000002c   Code   RO         4393    .text               mc_p.l(uidiv.o)
    0x08000188   0x08000188   0x00000028   Code   RO         4395    .text               mc_p.l(idiv.o)
    0x080001b0   0x080001b0   0x00000024   Code   RO         4397    .text               mc_p.l(memcpya.o)
    0x080001d4   0x080001d4   0x00000014   Code   RO         4429    .text               mc_p.l(uread4.o)
    0x080001e8   0x080001e8   0x0000001c   Code   RO         4431    .text               mc_p.l(uread8.o)
    0x08000204   0x08000204   0x00000012   Code   RO         4433    .text               mc_p.l(uwrite4.o)
    0x08000216   0x08000216   0x0000001e   Code   RO         4435    .text               mc_p.l(uwrite8.o)
    0x08000234   0x08000234   0x00000024   Code   RO         4488    .text               mc_p.l(init.o)
    0x08000258   0x08000258   0x0000006a   Code   RO          771    i.AutoCalPllFactor  system_mm32spin2xx_p.o
    0x080002c2   0x080002c2   0x00000014   Code   RO            3    i.DMA1_Channel1_IRQHandler  isr.o
    0x080002d6   0x080002d6   0x00000026   Code   RO            4    i.DMA1_Channel2_3_IRQHandler  isr.o
    0x080002fc   0x080002fc   0x00000040   Code   RO            5    i.DMA1_Channel4_5_IRQHandler  isr.o
    0x0800033c   0x0800033c   0x0000000c   Code   RO         2086    i.DMA_ClearFlag     hal_dma.o
    0x08000348   0x08000348   0x00000018   Code   RO         2091    i.DMA_GetFlagStatus  hal_dma.o
    0x08000360   0x08000360   0x00000024   Code   RO            6    i.EXTI0_1_IRQHandler  isr.o
    0x08000384   0x08000384   0x00000024   Code   RO            7    i.EXTI2_3_IRQHandler  isr.o
    0x080003a8   0x080003a8   0x000000fc   Code   RO            8    i.EXTI4_15_IRQHandler  isr.o
    0x080004a4   0x080004a4   0x0000000c   Code   RO         2187    i.EXTI_ClearFlag    hal_exti.o
    0x080004b0   0x080004b0   0x00000024   Code   RO         2192    i.EXTI_GetITStatus  hal_exti.o
    0x080004d4   0x080004d4   0x00000004   Code   RO          603    i.HardFault_Handler  common.o
    0x080004d8   0x080004d8   0x00000004   Code   RO          605    i.NMI_Handler       common.o
    0x080004dc   0x080004dc   0x00000068   Code   RO         2863    i.NVIC_Init         hal_misc.o
    0x08000544   0x08000544   0x00000004   Code   RO          606    i.PendSV_Handler    common.o
    0x08000548   0x08000548   0x00000004   Code   RO          607    i.SVC_Handler       common.o
    0x0800054c   0x0800054c   0x00000008   Code   RO          772    i.SetSysClock       system_mm32spin2xx_p.o
    0x08000554   0x08000554   0x00000164   Code   RO          773    i.SetSysClockToXX   system_mm32spin2xx_p.o
    0x080006b8   0x080006b8   0x0000006c   Code   RO          774    i.SystemInit        system_mm32spin2xx_p.o
    0x08000724   0x08000724   0x00000014   Code   RO            9    i.TIM14_IRQHandler  isr.o
    0x08000738   0x08000738   0x00000014   Code   RO           10    i.TIM16_IRQHandler  isr.o
    0x0800074c   0x0800074c   0x00000014   Code   RO           11    i.TIM17_IRQHandler  isr.o
    0x08000760   0x08000760   0x0000001c   Code   RO           12    i.TIM1_BRK_UP_TRG_COM_IRQHandler  isr.o
    0x0800077c   0x0800077c   0x0000001c   Code   RO           13    i.TIM2_IRQHandler   isr.o
    0x08000798   0x08000798   0x00000014   Code   RO           14    i.TIM3_IRQHandler   isr.o
    0x080007ac   0x080007ac   0x00000014   Code   RO           15    i.TIM8_BRK_UP_TRG_COM_IRQHandler  isr.o
    0x080007c0   0x080007c0   0x0000004c   Code   RO           16    i.UART1_IRQHandler  isr.o
    0x0800080c   0x0800080c   0x00000050   Code   RO           17    i.UART2_IRQHandler  isr.o
    0x0800085c   0x0800085c   0x0000000e   Code   RO         4492    i.__scatterload_copy  mc_p.l(handlers.o)
    0x0800086a   0x0800086a   0x00000002   Code   RO         4493    i.__scatterload_null  mc_p.l(handlers.o)
    0x0800086c   0x0800086c   0x0000000e   Code   RO         4494    i.__scatterload_zeroinit  mc_p.l(handlers.o)
    0x0800087a   0x0800087a   0x00000002   PAD
    0x0800087c   0x0800087c   0x000000d8   Code   RO          491    i._ackCallback      comm.o
    0x08000954   0x08000954   0x00000020   Code   RO          492    i._crc8             comm.o
    0x08000974   0x08000974   0x000000c8   Code   RO          493    i._sendAck          comm.o
    0x08000a3c   0x08000a3c   0x00000022   Code   RO          494    i._sendFrame        comm.o
    0x08000a5e   0x08000a5e   0x00000002   PAD
    0x08000a60   0x08000a60   0x000000d8   Code   RO          975    i.afio_init         zf_gpio.o
    0x08000b38   0x08000b38   0x0000001a   Code   RO          570    i.board_init        board.o
    0x08000b52   0x08000b52   0x00000002   PAD
    0x08000b54   0x08000b54   0x0000003c   Code   RO          496    i.comm_getByte      comm.o
    0x08000b90   0x08000b90   0x00000388   Code   RO          497    i.comm_handle       comm.o
    0x08000f18   0x08000f18   0x00000014   Code   RO          322    i.comm_putBuf       main.o
    0x08000f2c   0x08000f2c   0x000000f4   Code   RO          501    i.comm_start        comm.o
    0x08001020   0x08001020   0x00000030   Code   RO          502    i.comm_tick         comm.o
    0x08001050   0x08001050   0x0000001e   Code   RO          356    i.fifo_clean        fifo.o
    0x0800106e   0x0800106e   0x00000032   Code   RO          357    i.fifo_create       fifo.o
    0x080010a0   0x080010a0   0x0000000e   Code   RO          358    i.fifo_delete       fifo.o
    0x080010ae   0x080010ae   0x00000046   Code   RO          359    i.fifo_getAvailable  fifo.o
    0x080010f4   0x080010f4   0x0000003a   Code   RO          360    i.fifo_getUsed      fifo.o
    0x0800112e   0x0800112e   0x0000005c   Code   RO          361    i.fifo_popBuf       fifo.o
    0x0800118a   0x0800118a   0x0000004e   Code   RO          364    i.fifo_pushByte     fifo.o
    0x080011d8   0x080011d8   0x00000054   Code   RO         4401    i.free              mc_p.l(malloc.o)
    0x0800122c   0x0800122c   0x000000c8   Code   RO          978    i.gpio_init         zf_gpio.o
    0x080012f4   0x080012f4   0x0000005c   Code   RO          979    i.gpio_set          zf_gpio.o
    0x08001350   0x08001350   0x00000078   Code   RO          428    i.list_append       list.o
    0x080013c8   0x080013c8   0x00000040   Code   RO          429    i.list_clean        list.o
    0x08001408   0x08001408   0x00000012   Code   RO          430    i.list_count        list.o
    0x0800141a   0x0800141a   0x00000028   Code   RO          431    i.list_create       list.o
    0x08001442   0x08001442   0x00000014   Code   RO          432    i.list_delete       list.o
    0x08001456   0x08001456   0x00000046   Code   RO          434    i.list_query        list.o
    0x0800149c   0x0800149c   0x0000005c   Code   RO          323    i.main              main.o
    0x080014f8   0x080014f8   0x0000006c   Code   RO         4402    i.malloc            mc_p.l(malloc.o)
    0x08001564   0x08001564   0x00000020   Code   RO         1467    i.mt9v03x_dma       seekfree_mt9v03x.o
    0x08001584   0x08001584   0x00000054   Code   RO         1472    i.mt9v03x_uart_callback  seekfree_mt9v03x.o
    0x080015d8   0x080015d8   0x0000001c   Code   RO         1473    i.mt9v03x_vsync     seekfree_mt9v03x.o
    0x080015f4   0x080015f4   0x00000016   Code   RO          609    i.nvic_init         common.o
    0x0800160a   0x0800160a   0x00000002   PAD
    0x0800160c   0x0800160c   0x00000028   Code   RO         1159    i.systick_delay     zf_systick.o
    0x08001634   0x08001634   0x00000028   Code   RO         1160    i.systick_delay_ms  zf_systick.o
    0x0800165c   0x0800165c   0x000000e0   Code   RO         1034    i.tim_interrupt_init_ms  zf_pit.o
    0x0800173c   0x0800173c   0x00000024   Code   RO         1277    i.uart_getchar      zf_uart.o
    0x08001760   0x08001760   0x000000c4   Code   RO         1278    i.uart_init         zf_uart.o
    0x08001824   0x08001824   0x0000002c   Code   RO         1279    i.uart_pin_init     zf_uart.o
    0x08001850   0x08001850   0x00000030   Code   RO         1280    i.uart_putbuff      zf_uart.o
    0x08001880   0x08001880   0x0000004c   Code   RO         1284    i.uart_rx_irq       zf_uart.o
    0x080018cc   0x080018cc   0x00000105   Data   RO          504    .constdata          comm.o
    0x080019d1   0x080019d1   0x00000003   PAD
    0x080019d4   0x080019d4   0x00000020   Data   RO         4490    Region$$Table       anon$$obj.o


    Execution Region RW_IRAM1 (Exec base: 0x20000000, Load base: 0x080019f4, Size: 0x000006e0, Max: 0x00003000, ABSOLUTE)

    Exec Addr    Load Addr    Size         Type   Attr      Idx    E Section Name        Object

    0x20000000   0x080019f4   0x00000008   Data   RW          612    .data               common.o
    0x20000008   0x080019fc   0x00000014   Data   RW          775    .data               system_mm32spin2xx_p.o
    0x2000001c   0x08001a10   0x00000010   Data   RW          981    .data               zf_gpio.o
    0x2000002c   0x08001a20   0x0000001c   Data   RW         1218    .data               zf_tim.o
    0x20000048   0x08001a3c   0x0000000a   Data   RW         1286    .data               zf_uart.o
    0x20000052   0x08001a46   0x0000004a   Data   RW         1479    .data               seekfree_mt9v03x.o
    0x2000009c   0x08001a90   0x00000004   Data   RW         4479    .data               mc_p.l(mvars.o)
    0x200000a0   0x08001a94   0x00000004   Data   RW         4480    .data               mc_p.l(mvars.o)
    0x200000a4        -       0x0000003a   Zero   RW          503    .bss                comm.o
    0x200000de   0x08001a98   0x00000002   PAD
    0x200000e0        -       0x00000400   Zero   RW          809    HEAP                startup_mm32spin2xx_p_keil.o
    0x200004e0        -       0x00000200   Zero   RW          808    STACK               startup_mm32spin2xx_p_keil.o


==============================================================================

Image component sizes


      Code (inc. data)   RO Data    RW Data    ZI Data      Debug   Object Name

        26          0          0          0          0        561   board.o
      1738         46        261          0         58       6554   comm.o
        38          0          0          8          0       5292   common.o
       392          0          0          0          0       5006   fifo.o
        36         10          0          0          0       1132   hal_dma.o
        48         12          0          0          0       1144   hal_exti.o
       104          4          0          0          0       1084   hal_misc.o
       758         62          0          0          0      62847   isr.o
       332          0          0          0          0       4097   list.o
       112          6          0          0          0       1845   main.o
       144         38          0         74          0       2690   seekfree_mt9v03x.o
         0          0          0          0          0       9021   seekfree_printf.o
       132         58        192          0       1536        756   startup_mm32spin2xx_p_keil.o
       578         44          0         20          0       3796   system_mm32spin2xx_p.o
       508         26          0         16          0       3984   zf_gpio.o
       224         26          0          0          0        916   zf_pit.o
        80         10          0          0          0       1079   zf_systick.o
         0          0          0         28          0        752   zf_tim.o
       400         38          0         10          0       4766   zf_uart.o

    ----------------------------------------------------------------------
      5656        380        488        156       1596     117322   Object Totals
         0          0         32          0          0          0   (incl. Generated)
         6          0          3          0          2          0   (incl. Padding)

    ----------------------------------------------------------------------

      Code (inc. data)   RO Data    RW Data    ZI Data      Debug   Library Member Name

         0          0          0          0          0          0   entry.o
         0          0          0          0          0          0   entry10a.o
         0          0          0          0          0          0   entry11a.o
         4          0          0          0          0          0   entry12b.o
         8          4          0          0          0          0   entry2.o
         4          0          0          0          0          0   entry5.o
         0          0          0          0          0          0   entry7b.o
         0          0          0          0          0          0   entry8b.o
         8          4          0          0          0          0   entry9a.o
        30          0          0          0          0          0   handlers.o
        40          0          0          0          0         72   idiv.o
        36          8          0          0          0         68   init.o
       192         20          0          0          0        144   malloc.o
        36          0          0          0          0         60   memcpya.o
         0          0          0          8          0          0   mvars.o
        44          0          0          0          0         72   uidiv.o
        20          0          0          0          0         60   uread4.o
        28          0          0          0          0         68   uread8.o
        18          0          0          0          0         60   uwrite4.o
        30          0          0          0          0         72   uwrite8.o

    ----------------------------------------------------------------------
       500         36          0          8          0        676   Library Totals
         2          0          0          0          0          0   (incl. Padding)

    ----------------------------------------------------------------------

      Code (inc. data)   RO Data    RW Data    ZI Data      Debug   Library Name

       498         36          0          8          0        676   mc_p.l

    ----------------------------------------------------------------------
       500         36          0          8          0        676   Library Totals

    ----------------------------------------------------------------------

==============================================================================


      Code (inc. data)   RO Data    RW Data    ZI Data      Debug   

      6156        416        488        164       1596     115026   Grand Totals
      6156        416        488        164       1596     115026   ELF Image Totals
      6156        416        488        164          0          0   ROM Totals

==============================================================================

    Total RO  Size (Code + RO Data)                 6644 (   6.49kB)
    Total RW  Size (RW Data + ZI Data)              1760 (   1.72kB)
    Total ROM Size (Code + RO Data + RW Data)       6808 (   6.65kB)

==============================================================================

